Archive member included to satisfy reference by file (symbol)

/home/yogi/st/stm32cubeide_1.5.1/plugins/com.st.stm32cube.ide.mcu.externaltools.gnu-tools-for-stm32.7-2018-q2-update.linux64_1.5.0.202011040924/tools/bin/../lib/gcc/arm-none-eabi/7.3.1/../../../../arm-none-eabi/lib/thumb/v7e-m/fpv4-sp/hard/libstdc++_nano.a(pure.o)
                              Core/Src/mainpp.o (__cxa_pure_virtual)
/home/yogi/st/stm32cubeide_1.5.1/plugins/com.st.stm32cube.ide.mcu.externaltools.gnu-tools-for-stm32.7-2018-q2-update.linux64_1.5.0.202011040924/tools/bin/../lib/gcc/arm-none-eabi/7.3.1/../../../../arm-none-eabi/lib/thumb/v7e-m/fpv4-sp/hard/libstdc++_nano.a(eh_terminate.o)
                              /home/yogi/st/stm32cubeide_1.5.1/plugins/com.st.stm32cube.ide.mcu.externaltools.gnu-tools-for-stm32.7-2018-q2-update.linux64_1.5.0.202011040924/tools/bin/../lib/gcc/arm-none-eabi/7.3.1/../../../../arm-none-eabi/lib/thumb/v7e-m/fpv4-sp/hard/libstdc++_nano.a(pure.o) (std::terminate())
/home/yogi/st/stm32cubeide_1.5.1/plugins/com.st.stm32cube.ide.mcu.externaltools.gnu-tools-for-stm32.7-2018-q2-update.linux64_1.5.0.202011040924/tools/bin/../lib/gcc/arm-none-eabi/7.3.1/../../../../arm-none-eabi/lib/thumb/v7e-m/fpv4-sp/hard/libstdc++_nano.a(eh_unex_handler.o)
                              /home/yogi/st/stm32cubeide_1.5.1/plugins/com.st.stm32cube.ide.mcu.externaltools.gnu-tools-for-stm32.7-2018-q2-update.linux64_1.5.0.202011040924/tools/bin/../lib/gcc/arm-none-eabi/7.3.1/../../../../arm-none-eabi/lib/thumb/v7e-m/fpv4-sp/hard/libstdc++_nano.a(eh_terminate.o) (__cxxabiv1::__unexpected_handler)
/home/yogi/st/stm32cubeide_1.5.1/plugins/com.st.stm32cube.ide.mcu.externaltools.gnu-tools-for-stm32.7-2018-q2-update.linux64_1.5.0.202011040924/tools/bin/../lib/gcc/arm-none-eabi/7.3.1/../../../../arm-none-eabi/lib/thumb/v7e-m/fpv4-sp/hard/libstdc++_nano.a(eh_term_handler.o)
                              /home/yogi/st/stm32cubeide_1.5.1/plugins/com.st.stm32cube.ide.mcu.externaltools.gnu-tools-for-stm32.7-2018-q2-update.linux64_1.5.0.202011040924/tools/bin/../lib/gcc/arm-none-eabi/7.3.1/../../../../arm-none-eabi/lib/thumb/v7e-m/fpv4-sp/hard/libstdc++_nano.a(eh_terminate.o) (__cxxabiv1::__terminate_handler)
/home/yogi/st/stm32cubeide_1.5.1/plugins/com.st.stm32cube.ide.mcu.externaltools.gnu-tools-for-stm32.7-2018-q2-update.linux64_1.5.0.202011040924/tools/bin/../lib/gcc/arm-none-eabi/7.3.1/../../../../arm-none-eabi/lib/thumb/v7e-m/fpv4-sp/hard/libc_nano.a(lib_a-abort.o)
                              /home/yogi/st/stm32cubeide_1.5.1/plugins/com.st.stm32cube.ide.mcu.externaltools.gnu-tools-for-stm32.7-2018-q2-update.linux64_1.5.0.202011040924/tools/bin/../lib/gcc/arm-none-eabi/7.3.1/../../../../arm-none-eabi/lib/thumb/v7e-m/fpv4-sp/hard/libstdc++_nano.a(eh_terminate.o) (abort)
/home/yogi/st/stm32cubeide_1.5.1/plugins/com.st.stm32cube.ide.mcu.externaltools.gnu-tools-for-stm32.7-2018-q2-update.linux64_1.5.0.202011040924/tools/bin/../lib/gcc/arm-none-eabi/7.3.1/../../../../arm-none-eabi/lib/thumb/v7e-m/fpv4-sp/hard/libc_nano.a(lib_a-errno.o)
                              Core/Src/syscalls.o (__errno)
/home/yogi/st/stm32cubeide_1.5.1/plugins/com.st.stm32cube.ide.mcu.externaltools.gnu-tools-for-stm32.7-2018-q2-update.linux64_1.5.0.202011040924/tools/bin/../lib/gcc/arm-none-eabi/7.3.1/../../../../arm-none-eabi/lib/thumb/v7e-m/fpv4-sp/hard/libc_nano.a(lib_a-exit.o)
                              /home/yogi/st/stm32cubeide_1.5.1/plugins/com.st.stm32cube.ide.mcu.externaltools.gnu-tools-for-stm32.7-2018-q2-update.linux64_1.5.0.202011040924/tools/bin/../lib/gcc/arm-none-eabi/7.3.1/../../../../arm-none-eabi/lib/thumb/v7e-m/fpv4-sp/hard/crt0.o (exit)
/home/yogi/st/stm32cubeide_1.5.1/plugins/com.st.stm32cube.ide.mcu.externaltools.gnu-tools-for-stm32.7-2018-q2-update.linux64_1.5.0.202011040924/tools/bin/../lib/gcc/arm-none-eabi/7.3.1/../../../../arm-none-eabi/lib/thumb/v7e-m/fpv4-sp/hard/libc_nano.a(lib_a-impure.o)
                              /home/yogi/st/stm32cubeide_1.5.1/plugins/com.st.stm32cube.ide.mcu.externaltools.gnu-tools-for-stm32.7-2018-q2-update.linux64_1.5.0.202011040924/tools/bin/../lib/gcc/arm-none-eabi/7.3.1/../../../../arm-none-eabi/lib/thumb/v7e-m/fpv4-sp/hard/libc_nano.a(lib_a-exit.o) (_global_impure_ptr)
/home/yogi/st/stm32cubeide_1.5.1/plugins/com.st.stm32cube.ide.mcu.externaltools.gnu-tools-for-stm32.7-2018-q2-update.linux64_1.5.0.202011040924/tools/bin/../lib/gcc/arm-none-eabi/7.3.1/../../../../arm-none-eabi/lib/thumb/v7e-m/fpv4-sp/hard/libc_nano.a(lib_a-init.o)
                              /home/yogi/st/stm32cubeide_1.5.1/plugins/com.st.stm32cube.ide.mcu.externaltools.gnu-tools-for-stm32.7-2018-q2-update.linux64_1.5.0.202011040924/tools/bin/../lib/gcc/arm-none-eabi/7.3.1/../../../../arm-none-eabi/lib/thumb/v7e-m/fpv4-sp/hard/crt0.o (__libc_init_array)
[...]
Memory Configuration

Name             Origin             Length             Attributes
RAM              0x0000000020000000 0x0000000000020000 xrw
FLASH            0x0000000008000000 0x0000000000080000 xr
*default*        0x0000000000000000 0xffffffffffffffff

Linker script and memory map

LOAD /home/yogi/st/stm32cubeide_1.5.1/plugins/com.st.stm32cube.ide.mcu.externaltools.gnu-tools-for-stm32.7-2018-q2-update.linux64_1.5.0.202011040924/tools/bin/../lib/gcc/arm-none-eabi/7.3.1/thumb/v7e-m/fpv4-sp/hard/crti.o
LOAD /home/yogi/st/stm32cubeide_1.5.1/plugins/com.st.stm32cube.ide.mcu.externaltools.gnu-tools-for-stm32.7-2018-q2-update.linux64_1.5.0.202011040924/tools/bin/../lib/gcc/arm-none-eabi/7.3.1/thumb/v7e-m/fpv4-sp/hard/crtbegin.o
LOAD /home/yogi/st/stm32cubeide_1.5.1/plugins/com.st.stm32cube.ide.mcu.externaltools.gnu-tools-for-stm32.7-2018-q2-update.linux64_1.5.0.202011040924/tools/bin/../lib/gcc/arm-none-eabi/7.3.1/../../../../arm-none-eabi/lib/thumb/v7e-m/fpv4-sp/hard/crt0.o
LOAD Core/Src/duration.o
LOAD Core/Src/main.o
LOAD Core/Src/mainpp.o
LOAD Core/Src/stm32f4xx_hal_msp.o
LOAD Core/Src/stm32f4xx_it.o
LOAD Core/Src/syscalls.o
LOAD Core/Src/sysmem.o
LOAD Core/Src/system_stm32f4xx.o
LOAD Core/Src/time.o
LOAD Core/Startup/startup_stm32f411ceux.o
LOAD Drivers/STM32F4xx_HAL_Driver/Src/stm32f4xx_hal.o
LOAD Drivers/STM32F4xx_HAL_Driver/Src/stm32f4xx_hal_cortex.o
LOAD Drivers/STM32F4xx_HAL_Driver/Src/stm32f4xx_hal_dma.o
LOAD Drivers/STM32F4xx_HAL_Driver/Src/stm32f4xx_hal_dma_ex.o
LOAD Drivers/STM32F4xx_HAL_Driver/Src/stm32f4xx_hal_exti.o
LOAD Drivers/STM32F4xx_HAL_Driver/Src/stm32f4xx_hal_flash.o
LOAD Drivers/STM32F4xx_HAL_Driver/Src/stm32f4xx_hal_flash_ex.o
LOAD Drivers/STM32F4xx_HAL_Driver/Src/stm32f4xx_hal_flash_ramfunc.o
LOAD Drivers/STM32F4xx_HAL_Driver/Src/stm32f4xx_hal_gpio.o
LOAD Drivers/STM32F4xx_HAL_Driver/Src/stm32f4xx_hal_pwr.o
LOAD Drivers/STM32F4xx_HAL_Driver/Src/stm32f4xx_hal_pwr_ex.o
LOAD Drivers/STM32F4xx_HAL_Driver/Src/stm32f4xx_hal_rcc.o
LOAD Drivers/STM32F4xx_HAL_Driver/Src/stm32f4xx_hal_rcc_ex.o
LOAD Drivers/STM32F4xx_HAL_Driver/Src/stm32f4xx_hal_tim.o
LOAD Drivers/STM32F4xx_HAL_Driver/Src/stm32f4xx_hal_tim_ex.o
LOAD Drivers/STM32F4xx_HAL_Driver/Src/stm32f4xx_hal_uart.o
START GROUP
LOAD /home/yogi/st/stm32cubeide_1.5.1/plugins/com.st.stm32cube.ide.mcu.externaltools.gnu-tools-for-stm32.7-2018-q2-update.linux64_1.5.0.202011040924/tools/bin/../lib/gcc/arm-none-eabi/7.3.1/../../../../arm-none-eabi/lib/thumb/v7e-m/fpv4-sp/hard/libstdc++_nano.a
LOAD /home/yogi/st/stm32cubeide_1.5.1/plugins/com.st.stm32cube.ide.mcu.externaltools.gnu-tools-for-stm32.7-2018-q2-update.linux64_1.5.0.202011040924/tools/bin/../lib/gcc/arm-none-eabi/7.3.1/../../../../arm-none-eabi/lib/thumb/v7e-m/fpv4-sp/hard/libsupc++_nano.a
END GROUP
LOAD /home/yogi/st/stm32cubeide_1.5.1/plugins/com.st.stm32cube.ide.mcu.externaltools.gnu-tools-for-stm32.7-2018-q2-update.linux64_1.5.0.202011040924/tools/bin/../lib/gcc/arm-none-eabi/7.3.1/../../../../arm-none-eabi/lib/thumb/v7e-m/fpv4-sp/hard/libstdc++_nano.a
LOAD /home/yogi/st/stm32cubeide_1.5.1/plugins/com.st.stm32cube.ide.mcu.externaltools.gnu-tools-for-stm32.7-2018-q2-update.linux64_1.5.0.202011040924/tools/bin/../lib/gcc/arm-none-eabi/7.3.1/../../../../arm-none-eabi/lib/thumb/v7e-m/fpv4-sp/hard/libm.a
LOAD /home/yogi/st/stm32cubeide_1.5.1/plugins/com.st.stm32cube.ide.mcu.externaltools.gnu-tools-for-stm32.7-2018-q2-update.linux64_1.5.0.202011040924/tools/bin/../lib/gcc/arm-none-eabi/7.3.1/../../../../arm-none-eabi/lib/thumb/v7e-m/fpv4-sp/hard/libc_nano.a
START GROUP
LOAD /home/yogi/st/stm32cubeide_1.5.1/plugins/com.st.stm32cube.ide.mcu.externaltools.gnu-tools-for-stm32.7-2018-q2-update.linux64_1.5.0.202011040924/tools/bin/../lib/gcc/arm-none-eabi/7.3.1/thumb/v7e-m/fpv4-sp/hard/libgcc.a
LOAD /home/yogi/st/stm32cubeide_1.5.1/plugins/com.st.stm32cube.ide.mcu.externaltools.gnu-tools-for-stm32.7-2018-q2-update.linux64_1.5.0.202011040924/tools/bin/../lib/gcc/arm-none-eabi/7.3.1/../../../../arm-none-eabi/lib/thumb/v7e-m/fpv4-sp/hard/libc_nano.a
END GROUP
START GROUP
LOAD /home/yogi/st/stm32cubeide_1.5.1/plugins/com.st.stm32cube.ide.mcu.externaltools.gnu-tools-for-stm32.7-2018-q2-update.linux64_1.5.0.202011040924/tools/bin/../lib/gcc/arm-none-eabi/7.3.1/thumb/v7e-m/fpv4-sp/hard/libgcc.a
LOAD /home/yogi/st/stm32cubeide_1.5.1/plugins/com.st.stm32cube.ide.mcu.externaltools.gnu-tools-for-stm32.7-2018-q2-update.linux64_1.5.0.202011040924/tools/bin/../lib/gcc/arm-none-eabi/7.3.1/../../../../arm-none-eabi/lib/thumb/v7e-m/fpv4-sp/hard/libc_nano.a
END GROUP
LOAD /home/yogi/st/stm32cubeide_1.5.1/plugins/com.st.stm32cube.ide.mcu.externaltools.gnu-tools-for-stm32.7-2018-q2-update.linux64_1.5.0.202011040924/tools/bin/../lib/gcc/arm-none-eabi/7.3.1/thumb/v7e-m/fpv4-sp/hard/crtend.o
LOAD /home/yogi/st/stm32cubeide_1.5.1/plugins/com.st.stm32cube.ide.mcu.externaltools.gnu-tools-for-stm32.7-2018-q2-update.linux64_1.5.0.202011040924/tools/bin/../lib/gcc/arm-none-eabi/7.3.1/thumb/v7e-m/fpv4-sp/hard/crtn.o
                0x0000000020020000                _estack = (ORIGIN (RAM) + LENGTH (RAM))
                0x0000000000000200                _Min_Heap_Size = 0x200
                0x0000000000000400                _Min_Stack_Size = 0x400

.isr_vector     0x0000000008000000      0x198
                0x0000000008000000                . = ALIGN (0x4)
 *(.isr_vector)
 .isr_vector    0x0000000008000000      0x198 Core/Startup/startup_stm32f411ceux.o
                0x0000000008000000                g_pfnVectors
                0x0000000008000198                . = ALIGN (0x4)

.text           0x0000000008000198     0x4de4
                0x0000000008000198                . = ALIGN (0x4)
 *(.text)
 .text          0x0000000008000198       0x40 /home/yogi/st/stm32cubeide_1.5.1/plugins/com.st.stm32cube.ide.mcu.externaltools.gnu-tools-for-stm32.7-2018-q2-update.linux64_1.5.0.202011040924/tools/bin/../lib/gcc/arm-none-eabi/7.3.1/thumb/v7e-m/fpv4-sp/hard/crtbegin.o
 .text          0x00000000080001d8       0x10 /home/yogi/st/stm32cubeide_1.5.1/plugins/com.st.stm32cube.ide.mcu.externaltools.gnu-tools-for-stm32.7-2018-q2-update.linux64_1.5.0.202011040924/tools/bin/../lib/gcc/arm-none-eabi/7.3.1/../../../../arm-none-eabi/lib/thumb/v7e-m/fpv4-sp/hard/libc_nano.a(lib_a-strlen.o)
                0x00000000080001d8                strlen
 .text          0x00000000080001e8       0x30 /home/yogi/st/stm32cubeide_1.5.1/plugins/com.st.stm32cube.ide.mcu.externaltools.gnu-tools-for-stm32.7-2018-q2-update.linux64_1.5.0.202011040924/tools/bin/../lib/gcc/arm-none-eabi/7.3.1/thumb/v7e-m/fpv4-sp/hard/libgcc.a(_aeabi_uldivmod.o)
                0x00000000080001e8                __aeabi_uldivmod
 .text          0x0000000008000218      0x2cc /home/yogi/st/stm32cubeide_1.5.1/plugins/com.st.stm32cube.ide.mcu.externaltools.gnu-tools-for-stm32.7-2018-q2-update.linux64_1.5.0.202011040924/tools/bin/../lib/gcc/arm-none-eabi/7.3.1/thumb/v7e-m/fpv4-sp/hard/libgcc.a(_udivmoddi4.o)
                0x0000000008000218                __udivmoddi4
 .text          0x00000000080004e4        0x4 /home/yogi/st/stm32cubeide_1.5.1/plugins/com.st.stm32cube.ide.mcu.externaltools.gnu-tools-for-stm32.7-2018-q2-update.linux64_1.5.0.202011040924/tools/bin/../lib/gcc/arm-none-eabi/7.3.1/thumb/v7e-m/fpv4-sp/hard/libgcc.a(_dvmd_tls.o)
                0x00000000080004e4                __aeabi_ldiv0
                0x00000000080004e4                __aeabi_idiv0
 *(.text*)
 .text.main     0x00000000080004e8       0x22 Core/Src/main.o
                0x00000000080004e8                main
 *fill*         0x000000000800050a        0x2 
 .text.SystemClock_Config
                0x000000000800050c       0xd0 Core/Src/main.o
                0x000000000800050c                SystemClock_Config
 .text.MX_USART1_UART_Init
                0x00000000080005dc       0x54 Core/Src/main.o
 .text.MX_DMA_Init
                0x0000000008000630       0x50 Core/Src/main.o
 .text.MX_GPIO_Init
                0x0000000008000680       0x50 Core/Src/main.o
 .text.Error_Handler
                0x00000000080006d0        0x8 Core/Src/main.o
                0x00000000080006d0                Error_Handler
 .text._ZN3ros4TimeC2Ev
                0x00000000080006d8       0x22 Core/Src/mainpp.o
                0x00000000080006d8                ros::Time::Time()
                0x00000000080006d8                ros::Time::Time()
 *fill*         0x00000000080006fa        0x2 
 .text._ZN3ros3MsgC2Ev
                0x00000000080006fc       0x20 Core/Src/mainpp.o
                0x00000000080006fc                ros::Msg::Msg()
                0x00000000080006fc                ros::Msg::Msg()
 .text._ZN8std_msgs4TimeC2Ev
                0x000000000800071c       0x30 Core/Src/mainpp.o
                0x000000000800071c                std_msgs::Time::Time()
                0x000000000800071c                std_msgs::Time::Time()
 .text._ZNK8std_msgs4Time9serializeEPh
                0x000000000800074c       0xb0 Core/Src/mainpp.o
                0x000000000800074c                std_msgs::Time::serialize(unsigned char*) const
 .text._ZN8std_msgs4Time11deserializeEPh
                0x00000000080007fc       0xc8 Core/Src/mainpp.o
                0x00000000080007fc                std_msgs::Time::deserialize(unsigned char*)
 .text._ZN8std_msgs4Time7getTypeEv
                0x00000000080008c4       0x1c Core/Src/mainpp.o
                0x00000000080008c4                std_msgs::Time::getType()
 .text._ZN8std_msgs4Time6getMD5Ev
                0x00000000080008e0       0x1c Core/Src/mainpp.o
                0x00000000080008e0                std_msgs::Time::getMD5()
 .text._ZN14rosserial_msgs9TopicInfoC2Ev
                0x00000000080008fc       0x48 Core/Src/mainpp.o
                0x00000000080008fc                rosserial_msgs::TopicInfo::TopicInfo()
                0x00000000080008fc                rosserial_msgs::TopicInfo::TopicInfo()
 .text._ZNK14rosserial_msgs9TopicInfo9serializeEPh
                0x0000000008000944      0x136 Core/Src/mainpp.o
                0x0000000008000944                rosserial_msgs::TopicInfo::serialize(unsigned char*) const
 .text._ZN14rosserial_msgs9TopicInfo11deserializeEPh
                0x0000000008000a7a      0x1d0 Core/Src/mainpp.o
                0x0000000008000a7a                rosserial_msgs::TopicInfo::deserialize(unsigned char*)
 *fill*         0x0000000008000c4a        0x2 
 .text._ZN14rosserial_msgs9TopicInfo7getTypeEv
                0x0000000008000c4c       0x1c Core/Src/mainpp.o
                0x0000000008000c4c                rosserial_msgs::TopicInfo::getType()
 .text._ZN14rosserial_msgs9TopicInfo6getMD5Ev
                0x0000000008000c68       0x1c Core/Src/mainpp.o
                0x0000000008000c68                rosserial_msgs::TopicInfo::getMD5()
 .text._ZN14rosserial_msgs3LogC2Ev
                0x0000000008000c84       0x34 Core/Src/mainpp.o
                0x0000000008000c84                rosserial_msgs::Log::Log()
                0x0000000008000c84                rosserial_msgs::Log::Log()
 .text._ZNK14rosserial_msgs3Log9serializeEPh
                0x0000000008000cb8       0x64 Core/Src/mainpp.o
                0x0000000008000cb8                rosserial_msgs::Log::serialize(unsigned char*) const
 .text._ZN14rosserial_msgs3Log11deserializeEPh
                0x0000000008000d1c       0x90 Core/Src/mainpp.o
                0x0000000008000d1c                rosserial_msgs::Log::deserialize(unsigned char*)
 .text._ZN14rosserial_msgs3Log7getTypeEv
                0x0000000008000dac       0x1c Core/Src/mainpp.o
                0x0000000008000dac                rosserial_msgs::Log::getType()
 .text._ZN14rosserial_msgs3Log6getMD5Ev
                0x0000000008000dc8       0x1c Core/Src/mainpp.o
                0x0000000008000dc8                rosserial_msgs::Log::getMD5()
 .text._ZN14rosserial_msgs20RequestParamResponseC2Ev
                0x0000000008000de4       0x5c Core/Src/mainpp.o
                0x0000000008000de4                rosserial_msgs::RequestParamResponse::RequestParamResponse()
                0x0000000008000de4                rosserial_msgs::RequestParamResponse::RequestParamResponse()
 .text._ZNK14rosserial_msgs20RequestParamResponse9serializeEPh
                0x0000000008000e40      0x222 Core/Src/mainpp.o
                0x0000000008000e40                rosserial_msgs::RequestParamResponse::serialize(unsigned char*) const
 .text._ZN14rosserial_msgs20RequestParamResponse11deserializeEPh
                0x0000000008001062      0x2e2 Core/Src/mainpp.o
                0x0000000008001062                rosserial_msgs::RequestParamResponse::deserialize(unsigned char*)
 .text._ZN14rosserial_msgs20RequestParamResponse7getTypeEv
                0x0000000008001344       0x1c Core/Src/mainpp.o
                0x0000000008001344                rosserial_msgs::RequestParamResponse::getType()
 .text._ZN14rosserial_msgs20RequestParamResponse6getMD5Ev
                0x0000000008001360       0x1c Core/Src/mainpp.o
                0x0000000008001360                rosserial_msgs::RequestParamResponse::getMD5()
 .text._ZN3ros9PublisherC2EPKcPNS_3MsgEi
                0x000000000800137c       0x2e Core/Src/mainpp.o
                0x000000000800137c                ros::Publisher::Publisher(char const*, ros::Msg*, int)
                0x000000000800137c                ros::Publisher::Publisher(char const*, ros::Msg*, int)
 .text._ZN3ros9Publisher7publishEPKNS_3MsgE
                0x00000000080013aa       0x28 Core/Src/mainpp.o
                0x00000000080013aa                ros::Publisher::publish(ros::Msg const*)
 .text._ZN3ros9Publisher15getEndpointTypeEv
                0x00000000080013d2       0x18 Core/Src/mainpp.o
                0x00000000080013d2                ros::Publisher::getEndpointType()
 .text._ZN13STM32Hardware10getRdmaIndEv
                0x00000000080013ea       0x24 Core/Src/mainpp.o
                0x00000000080013ea                STM32Hardware::getRdmaInd()
 *fill*         0x000000000800140e        0x2 
 .text._ZN13STM32HardwareC2Ev
                0x0000000008001410       0x38 Core/Src/mainpp.o
                0x0000000008001410                STM32Hardware::STM32Hardware()
                0x0000000008001410                STM32Hardware::STM32Hardware()
 .text._ZN13STM32Hardware4initEv
                0x0000000008001448       0x16 Core/Src/mainpp.o
                0x0000000008001448                STM32Hardware::init()
 .text._ZN13STM32Hardware10reset_rbufEv
                0x000000000800145e       0x22 Core/Src/mainpp.o
                0x000000000800145e                STM32Hardware::reset_rbuf()
 .text._ZN13STM32Hardware4readEv
                0x0000000008001480       0x5a Core/Src/mainpp.o
                0x0000000008001480                STM32Hardware::read()
 *fill*         0x00000000080014da        0x2 
 .text._ZN13STM32Hardware5flushEv
                0x00000000080014dc       0xbc Core/Src/mainpp.o
                0x00000000080014dc                STM32Hardware::flush()
 .text._ZN13STM32Hardware5writeEPhi
                0x0000000008001598       0x8c Core/Src/mainpp.o
                0x0000000008001598                STM32Hardware::write(unsigned char*, int)
 .text._ZN13STM32Hardware4timeEv
                0x0000000008001624       0x16 Core/Src/mainpp.o
                0x0000000008001624                STM32Hardware::time()
 *fill*         0x000000000800163a        0x2 
 .text._ZN8std_msgs5Int32C2Ev
                0x000000000800163c       0x2c Core/Src/mainpp.o
                0x000000000800163c                std_msgs::Int32::Int32()
                0x000000000800163c                std_msgs::Int32::Int32()
 .text._ZNK8std_msgs5Int329serializeEPh
                0x0000000008001668       0x64 Core/Src/mainpp.o
                0x0000000008001668                std_msgs::Int32::serialize(unsigned char*) const
 .text._ZN8std_msgs5Int3211deserializeEPh
                0x00000000080016cc       0x70 Core/Src/mainpp.o
                0x00000000080016cc                std_msgs::Int32::deserialize(unsigned char*)
 .text._ZN8std_msgs5Int327getTypeEv
                0x000000000800173c       0x1c Core/Src/mainpp.o
                0x000000000800173c                std_msgs::Int32::getType()
 .text._ZN8std_msgs5Int326getMD5Ev
                0x0000000008001758       0x1c Core/Src/mainpp.o
                0x0000000008001758                std_msgs::Int32::getMD5()
 .text._ZN3ros15NodeHandleBase_C2Ev
                0x0000000008001774       0x20 Core/Src/mainpp.o
                0x0000000008001774                ros::NodeHandleBase_::NodeHandleBase_()
                0x0000000008001774                ros::NodeHandleBase_::NodeHandleBase_()
 .text._ZN3ros11NodeHandle_I13STM32HardwareLi25ELi25ELi512ELi512EEC2Ev
                0x0000000008001794       0xf0 Core/Src/mainpp.o
                0x0000000008001794                ros::NodeHandle_<STM32Hardware, 25, 25, 512, 512>::NodeHandle_()
                0x0000000008001794                ros::NodeHandle_<STM32Hardware, 25, 25, 512, 512>::NodeHandle_()
 .text.HAL_UART_TxCpltCallback
                0x0000000008001884       0x24 Core/Src/mainpp.o
                0x0000000008001884                HAL_UART_TxCpltCallback
 .text.HAL_UART_RxCpltCallback
                0x00000000080018a8       0x24 Core/Src/mainpp.o
                0x00000000080018a8                HAL_UART_RxCpltCallback
 .text.setup    0x00000000080018cc       0x20 Core/Src/mainpp.o
                0x00000000080018cc                setup
 .text.loop     0x00000000080018ec       0x58 Core/Src/mainpp.o
                0x00000000080018ec                loop
 .text._ZN3ros3Msg8varToArrIPhmEEvT_T0_
                0x0000000008001944       0x3c Core/Src/mainpp.o
                0x0000000008001944                void ros::Msg::varToArr<unsigned char*, unsigned long>(unsigned char*, unsigned long)
 .text._ZN3ros3Msg8arrToVarImPhEEvRT_T0_
                0x0000000008001980       0x4a Core/Src/mainpp.o
                0x0000000008001980                void ros::Msg::arrToVar<unsigned long, unsigned char*>(unsigned long&, unsigned char*)
 .text._ZN3ros11NodeHandle_I13STM32HardwareLi25ELi25ELi512ELi512EE11getHardwareEv
                0x00000000080019ca       0x18 Core/Src/mainpp.o
                0x00000000080019ca                ros::NodeHandle_<STM32Hardware, 25, 25, 512, 512>::getHardware()
 .text._ZN3ros11NodeHandle_I13STM32HardwareLi25ELi25ELi512ELi512EE8initNodeEv
                0x00000000080019e2       0x3a Core/Src/mainpp.o
                0x00000000080019e2                ros::NodeHandle_<STM32Hardware, 25, 25, 512, 512>::initNode()
 .text._ZN3ros11NodeHandle_I13STM32HardwareLi25ELi25ELi512ELi512EE9advertiseERNS_9PublisherE
                0x0000000008001a1c       0x60 Core/Src/mainpp.o
                0x0000000008001a1c                ros::NodeHandle_<STM32Hardware, 25, 25, 512, 512>::advertise(ros::Publisher&)
 .text._Z41__static_initialization_and_destruction_0ii
                0x0000000008001a7c       0x4c Core/Src/mainpp.o
 .text._ZN3ros11NodeHandle_I13STM32HardwareLi25ELi25ELi512ELi512EE7publishEiPKNS_3MsgE
                0x0000000008001ac8      0x124 Core/Src/mainpp.o
                0x0000000008001ac8                ros::NodeHandle_<STM32Hardware, 25, 25, 512, 512>::publish(int, ros::Msg const*)
 .text._ZN3ros11NodeHandle_I13STM32HardwareLi25ELi25ELi512ELi512EE8spinOnceEv
                0x0000000008001bec      0x3b8 Core/Src/mainpp.o
                0x0000000008001bec                ros::NodeHandle_<STM32Hardware, 25, 25, 512, 512>::spinOnce()
 .text._ZN3ros11NodeHandle_I13STM32HardwareLi25ELi25ELi512ELi512EE9connectedEv
                0x0000000008001fa4       0x1a Core/Src/mainpp.o
                0x0000000008001fa4                ros::NodeHandle_<STM32Hardware, 25, 25, 512, 512>::connected()
 .text._ZN3ros11NodeHandle_I13STM32HardwareLi25ELi25ELi512ELi512EE8logerrorEPKc
                0x0000000008001fbe       0x1c Core/Src/mainpp.o
                0x0000000008001fbe                ros::NodeHandle_<STM32Hardware, 25, 25, 512, 512>::logerror(char const*)
 .text._ZN3ros11NodeHandle_I13STM32HardwareLi25ELi25ELi512ELi512EE15requestSyncTimeEv
                0x0000000008001fda       0x3c Core/Src/mainpp.o
                0x0000000008001fda                ros::NodeHandle_<STM32Hardware, 25, 25, 512, 512>::requestSyncTime()
 .text._ZN3ros11NodeHandle_I13STM32HardwareLi25ELi25ELi512ELi512EE15negotiateTopicsEv
                0x0000000008002016      0x1be Core/Src/mainpp.o
                0x0000000008002016                ros::NodeHandle_<STM32Hardware, 25, 25, 512, 512>::negotiateTopics()
 .text._ZN3ros11NodeHandle_I13STM32HardwareLi25ELi25ELi512ELi512EE8syncTimeEPh
                0x00000000080021d4       0x98 Core/Src/mainpp.o
                0x00000000080021d4                ros::NodeHandle_<STM32Hardware, 25, 25, 512, 512>::syncTime(unsigned char*)
 .text._ZN3ros11NodeHandle_I13STM32HardwareLi25ELi25ELi512ELi512EE3logEcPKc
                0x000000000800226c       0x38 Core/Src/mainpp.o
                0x000000000800226c                ros::NodeHandle_<STM32Hardware, 25, 25, 512, 512>::log(char, char const*)
 .text._ZN3ros11NodeHandle_I13STM32HardwareLi25ELi25ELi512ELi512EE6setNowERKNS_4TimeE
                0x00000000080022a4       0x80 Core/Src/mainpp.o
                0x00000000080022a4                ros::NodeHandle_<STM32Hardware, 25, 25, 512, 512>::setNow(ros::Time const&)
 .text._GLOBAL__sub_I_nh
                0x0000000008002324       0x10 Core/Src/mainpp.o
 .text.HAL_MspInit
                0x0000000008002334       0x50 Core/Src/stm32f4xx_hal_msp.o
                0x0000000008002334                HAL_MspInit
 .text.HAL_UART_MspInit
                0x0000000008002384      0x16c Core/Src/stm32f4xx_hal_msp.o
                0x0000000008002384                HAL_UART_MspInit
 .text.NMI_Handler
                0x00000000080024f0        0x6 Core/Src/stm32f4xx_it.o
                0x00000000080024f0                NMI_Handler
 .text.HardFault_Handler
                0x00000000080024f6        0x6 Core/Src/stm32f4xx_it.o
                0x00000000080024f6                HardFault_Handler
 .text.MemManage_Handler
                0x00000000080024fc        0x6 Core/Src/stm32f4xx_it.o
                0x00000000080024fc                MemManage_Handler
 .text.BusFault_Handler
                0x0000000008002502        0x6 Core/Src/stm32f4xx_it.o
                0x0000000008002502                BusFault_Handler
 .text.UsageFault_Handler
                0x0000000008002508        0x6 Core/Src/stm32f4xx_it.o
                0x0000000008002508                UsageFault_Handler
 .text.SVC_Handler
                0x000000000800250e        0xe Core/Src/stm32f4xx_it.o
                0x000000000800250e                SVC_Handler
 .text.DebugMon_Handler
                0x000000000800251c        0xe Core/Src/stm32f4xx_it.o
                0x000000000800251c                DebugMon_Handler
 .text.PendSV_Handler
                0x000000000800252a        0xe Core/Src/stm32f4xx_it.o
                0x000000000800252a                PendSV_Handler
 .text.SysTick_Handler
                0x0000000008002538        0xc Core/Src/stm32f4xx_it.o
                0x0000000008002538                SysTick_Handler
 .text.USART1_IRQHandler
                0x0000000008002544       0x14 Core/Src/stm32f4xx_it.o
                0x0000000008002544                USART1_IRQHandler
 .text.DMA2_Stream2_IRQHandler
                0x0000000008002558       0x14 Core/Src/stm32f4xx_it.o
                0x0000000008002558                DMA2_Stream2_IRQHandler
 .text.DMA2_Stream7_IRQHandler
                0x000000000800256c       0x14 Core/Src/stm32f4xx_it.o
                0x000000000800256c                DMA2_Stream7_IRQHandler
 .text._getpid  0x0000000008002580       0x10 Core/Src/syscalls.o
                0x0000000008002580                _getpid
 .text._kill    0x0000000008002590       0x20 Core/Src/syscalls.o
                0x0000000008002590                _kill
 .text._exit    0x00000000080025b0       0x14 Core/Src/syscalls.o
                0x00000000080025b0                _exit
 .text._sbrk    0x00000000080025c4       0x6c Core/Src/sysmem.o
                0x00000000080025c4                _sbrk
 .text.SystemInit
                0x0000000008002630       0x2c Core/Src/system_stm32f4xx.o
                0x0000000008002630                SystemInit
 .text._ZN3ros16normalizeSecNSecERmS0_
                0x000000000800265c       0x58 Core/Src/time.o
                0x000000000800265c                ros::normalizeSecNSec(unsigned long&, unsigned long&)
 .text.Reset_Handler
                0x00000000080026b4       0x50 Core/Startup/startup_stm32f411ceux.o
                0x00000000080026b4                Reset_Handler
 .text.Default_Handler
                0x0000000008002704        0x2 Core/Startup/startup_stm32f411ceux.o
                0x0000000008002704                RTC_Alarm_IRQHandler
                0x0000000008002704                EXTI2_IRQHandler
                0x0000000008002704                SPI4_IRQHandler
                0x0000000008002704                TIM1_CC_IRQHandler
                0x0000000008002704                DMA2_Stream5_IRQHandler
                0x0000000008002704                DMA1_Stream5_IRQHandler
                0x0000000008002704                PVD_IRQHandler
                0x0000000008002704                SDIO_IRQHandler
                0x0000000008002704                TAMP_STAMP_IRQHandler
                0x0000000008002704                EXTI3_IRQHandler
                0x0000000008002704                TIM1_UP_TIM10_IRQHandler
                0x0000000008002704                I2C3_ER_IRQHandler
                0x0000000008002704                EXTI0_IRQHandler
                0x0000000008002704                I2C2_EV_IRQHandler
                0x0000000008002704                DMA1_Stream2_IRQHandler
                0x0000000008002704                FPU_IRQHandler
                0x0000000008002704                SPI1_IRQHandler
                0x0000000008002704                TIM1_BRK_TIM9_IRQHandler
                0x0000000008002704                DMA2_Stream3_IRQHandler
                0x0000000008002704                USART6_IRQHandler
                0x0000000008002704                DMA2_Stream0_IRQHandler
                0x0000000008002704                TIM4_IRQHandler
                0x0000000008002704                I2C1_EV_IRQHandler
                0x0000000008002704                DMA1_Stream6_IRQHandler
                0x0000000008002704                DMA1_Stream1_IRQHandler
                0x0000000008002704                TIM3_IRQHandler
                0x0000000008002704                RCC_IRQHandler
                0x0000000008002704                Default_Handler
                0x0000000008002704                EXTI15_10_IRQHandler
                0x0000000008002704                ADC_IRQHandler
                0x0000000008002704                DMA1_Stream7_IRQHandler
                0x0000000008002704                SPI5_IRQHandler
                0x0000000008002704                TIM5_IRQHandler
                0x0000000008002704                I2C3_EV_IRQHandler
                0x0000000008002704                EXTI9_5_IRQHandler
                0x0000000008002704                RTC_WKUP_IRQHandler
                0x0000000008002704                SPI2_IRQHandler
                0x0000000008002704                DMA1_Stream0_IRQHandler
                0x0000000008002704                EXTI4_IRQHandler
                0x0000000008002704                WWDG_IRQHandler
                0x0000000008002704                TIM2_IRQHandler
                0x0000000008002704                OTG_FS_WKUP_IRQHandler
                0x0000000008002704                TIM1_TRG_COM_TIM11_IRQHandler
                0x0000000008002704                EXTI1_IRQHandler
                0x0000000008002704                USART2_IRQHandler
                0x0000000008002704                I2C2_ER_IRQHandler
                0x0000000008002704                DMA2_Stream1_IRQHandler
                0x0000000008002704                FLASH_IRQHandler
                0x0000000008002704                DMA2_Stream4_IRQHandler
                0x0000000008002704                OTG_FS_IRQHandler
                0x0000000008002704                SPI3_IRQHandler
                0x0000000008002704                DMA1_Stream4_IRQHandler
                0x0000000008002704                I2C1_ER_IRQHandler
                0x0000000008002704                DMA2_Stream6_IRQHandler
                0x0000000008002704                DMA1_Stream3_IRQHandler
 *fill*         0x0000000008002706        0x2 
 .text.HAL_Init
                0x0000000008002708       0x44 Drivers/STM32F4xx_HAL_Driver/Src/stm32f4xx_hal.o
                0x0000000008002708                HAL_Init
 .text.HAL_InitTick
                0x000000000800274c       0x60 Drivers/STM32F4xx_HAL_Driver/Src/stm32f4xx_hal.o
                0x000000000800274c                HAL_InitTick
 .text.HAL_IncTick
                0x00000000080027ac       0x28 Drivers/STM32F4xx_HAL_Driver/Src/stm32f4xx_hal.o
                0x00000000080027ac                HAL_IncTick
 .text.HAL_GetTick
                0x00000000080027d4       0x18 Drivers/STM32F4xx_HAL_Driver/Src/stm32f4xx_hal.o
                0x00000000080027d4                HAL_GetTick
 .text.__NVIC_SetPriorityGrouping
                0x00000000080027ec       0x48 Drivers/STM32F4xx_HAL_Driver/Src/stm32f4xx_hal_cortex.o
 .text.__NVIC_GetPriorityGrouping
                0x0000000008002834       0x1c Drivers/STM32F4xx_HAL_Driver/Src/stm32f4xx_hal_cortex.o
 .text.__NVIC_EnableIRQ
                0x0000000008002850       0x3c Drivers/STM32F4xx_HAL_Driver/Src/stm32f4xx_hal_cortex.o
 .text.__NVIC_SetPriority
                0x000000000800288c       0x54 Drivers/STM32F4xx_HAL_Driver/Src/stm32f4xx_hal_cortex.o
 .text.NVIC_EncodePriority
                0x00000000080028e0       0x66 Drivers/STM32F4xx_HAL_Driver/Src/stm32f4xx_hal_cortex.o
 *fill*         0x0000000008002946        0x2 
 .text.SysTick_Config
                0x0000000008002948       0x44 Drivers/STM32F4xx_HAL_Driver/Src/stm32f4xx_hal_cortex.o
 .text.HAL_NVIC_SetPriorityGrouping
                0x000000000800298c       0x16 Drivers/STM32F4xx_HAL_Driver/Src/stm32f4xx_hal_cortex.o
                0x000000000800298c                HAL_NVIC_SetPriorityGrouping
 .text.HAL_NVIC_SetPriority
                0x00000000080029a2       0x38 Drivers/STM32F4xx_HAL_Driver/Src/stm32f4xx_hal_cortex.o
                0x00000000080029a2                HAL_NVIC_SetPriority
 .text.HAL_NVIC_EnableIRQ
                0x00000000080029da       0x1c Drivers/STM32F4xx_HAL_Driver/Src/stm32f4xx_hal_cortex.o
                0x00000000080029da                HAL_NVIC_EnableIRQ
 .text.HAL_SYSTICK_Config
                0x00000000080029f6       0x18 Drivers/STM32F4xx_HAL_Driver/Src/stm32f4xx_hal_cortex.o
                0x00000000080029f6                HAL_SYSTICK_Config
 *fill*         0x0000000008002a0e        0x2 
 .text.HAL_DMA_Init
                0x0000000008002a10      0x15c Drivers/STM32F4xx_HAL_Driver/Src/stm32f4xx_hal_dma.o
                0x0000000008002a10                HAL_DMA_Init
 .text.HAL_DMA_Start_IT
                0x0000000008002b6c       0xb0 Drivers/STM32F4xx_HAL_Driver/Src/stm32f4xx_hal_dma.o
                0x0000000008002b6c                HAL_DMA_Start_IT
 .text.HAL_DMA_Abort_IT
                0x0000000008002c1c       0x44 Drivers/STM32F4xx_HAL_Driver/Src/stm32f4xx_hal_dma.o
                0x0000000008002c1c                HAL_DMA_Abort_IT
 .text.HAL_DMA_IRQHandler
                0x0000000008002c60      0x314 Drivers/STM32F4xx_HAL_Driver/Src/stm32f4xx_hal_dma.o
                0x0000000008002c60                HAL_DMA_IRQHandler
 .text.DMA_SetConfig
                0x0000000008002f74       0x5c Drivers/STM32F4xx_HAL_Driver/Src/stm32f4xx_hal_dma.o
 .text.DMA_CalcBaseAndBitshift
                0x0000000008002fd0       0x6c Drivers/STM32F4xx_HAL_Driver/Src/stm32f4xx_hal_dma.o
 .text.DMA_CheckFifoParam
                0x000000000800303c       0xf4 Drivers/STM32F4xx_HAL_Driver/Src/stm32f4xx_hal_dma.o
 .text.HAL_GPIO_Init
                0x0000000008003130      0x304 Drivers/STM32F4xx_HAL_Driver/Src/stm32f4xx_hal_gpio.o
                0x0000000008003130                HAL_GPIO_Init
 .text.HAL_RCC_OscConfig
                0x0000000008003434      0x4e0 Drivers/STM32F4xx_HAL_Driver/Src/stm32f4xx_hal_rcc.o
                0x0000000008003434                HAL_RCC_OscConfig
 .text.HAL_RCC_ClockConfig
                0x0000000008003914      0x1cc Drivers/STM32F4xx_HAL_Driver/Src/stm32f4xx_hal_rcc.o
                0x0000000008003914                HAL_RCC_ClockConfig
 .text.HAL_RCC_GetSysClockFreq
                0x0000000008003ae0      0x164 Drivers/STM32F4xx_HAL_Driver/Src/stm32f4xx_hal_rcc.o
                0x0000000008003ae0                HAL_RCC_GetSysClockFreq
 .text.HAL_RCC_GetHCLKFreq
                0x0000000008003c44       0x18 Drivers/STM32F4xx_HAL_Driver/Src/stm32f4xx_hal_rcc.o
                0x0000000008003c44                HAL_RCC_GetHCLKFreq
 .text.HAL_RCC_GetPCLK1Freq
                0x0000000008003c5c       0x28 Drivers/STM32F4xx_HAL_Driver/Src/stm32f4xx_hal_rcc.o
                0x0000000008003c5c                HAL_RCC_GetPCLK1Freq
 .text.HAL_RCC_GetPCLK2Freq
                0x0000000008003c84       0x28 Drivers/STM32F4xx_HAL_Driver/Src/stm32f4xx_hal_rcc.o
                0x0000000008003c84                HAL_RCC_GetPCLK2Freq
 .text.HAL_UART_Init
                0x0000000008003cac       0x9a Drivers/STM32F4xx_HAL_Driver/Src/stm32f4xx_hal_uart.o
                0x0000000008003cac                HAL_UART_Init
 *fill*         0x0000000008003d46        0x2 
 .text.HAL_UART_Transmit_DMA
                0x0000000008003d48       0xd8 Drivers/STM32F4xx_HAL_Driver/Src/stm32f4xx_hal_uart.o
                0x0000000008003d48                HAL_UART_Transmit_DMA
 .text.HAL_UART_Receive_DMA
                0x0000000008003e20      0x100 Drivers/STM32F4xx_HAL_Driver/Src/stm32f4xx_hal_uart.o
                0x0000000008003e20                HAL_UART_Receive_DMA
 .text.HAL_UART_IRQHandler
                0x0000000008003f20      0x200 Drivers/STM32F4xx_HAL_Driver/Src/stm32f4xx_hal_uart.o
                0x0000000008003f20                HAL_UART_IRQHandler
 .text.HAL_UART_TxHalfCpltCallback
                0x0000000008004120       0x14 Drivers/STM32F4xx_HAL_Driver/Src/stm32f4xx_hal_uart.o
                0x0000000008004120                HAL_UART_TxHalfCpltCallback
 .text.HAL_UART_RxHalfCpltCallback
                0x0000000008004134       0x14 Drivers/STM32F4xx_HAL_Driver/Src/stm32f4xx_hal_uart.o
                0x0000000008004134                HAL_UART_RxHalfCpltCallback
 .text.HAL_UART_ErrorCallback
                0x0000000008004148       0x14 Drivers/STM32F4xx_HAL_Driver/Src/stm32f4xx_hal_uart.o
                0x0000000008004148                HAL_UART_ErrorCallback
 .text.UART_DMATransmitCplt
                0x000000000800415c       0x52 Drivers/STM32F4xx_HAL_Driver/Src/stm32f4xx_hal_uart.o
 .text.UART_DMATxHalfCplt
                0x00000000080041ae       0x1c Drivers/STM32F4xx_HAL_Driver/Src/stm32f4xx_hal_uart.o
 .text.UART_DMAReceiveCplt
                0x00000000080041ca       0x68 Drivers/STM32F4xx_HAL_Driver/Src/stm32f4xx_hal_uart.o
 .text.UART_DMARxHalfCplt
                0x0000000008004232       0x1c Drivers/STM32F4xx_HAL_Driver/Src/stm32f4xx_hal_uart.o
 .text.UART_DMAError
                0x000000000800424e       0x94 Drivers/STM32F4xx_HAL_Driver/Src/stm32f4xx_hal_uart.o
 .text.UART_EndTxTransfer
                0x00000000080042e2       0x2c Drivers/STM32F4xx_HAL_Driver/Src/stm32f4xx_hal_uart.o
 .text.UART_EndRxTransfer
                0x000000000800430e       0x3c Drivers/STM32F4xx_HAL_Driver/Src/stm32f4xx_hal_uart.o
 .text.UART_DMAAbortOnError
                0x000000000800434a       0x28 Drivers/STM32F4xx_HAL_Driver/Src/stm32f4xx_hal_uart.o
 .text.UART_Transmit_IT
                0x0000000008004372       0xac Drivers/STM32F4xx_HAL_Driver/Src/stm32f4xx_hal_uart.o
 .text.UART_EndTransmit_IT
                0x000000000800441e       0x30 Drivers/STM32F4xx_HAL_Driver/Src/stm32f4xx_hal_uart.o
 .text.UART_Receive_IT
                0x000000000800444e      0x102 Drivers/STM32F4xx_HAL_Driver/Src/stm32f4xx_hal_uart.o
 .text.UART_SetConfig
                0x0000000008004550      0x6f8 Drivers/STM32F4xx_HAL_Driver/Src/stm32f4xx_hal_uart.o
 .text.__cxa_pure_virtual
                0x0000000008004c48        0x6 /home/yogi/st/stm32cubeide_1.5.1/plugins/com.st.stm32cube.ide.mcu.externaltools.gnu-tools-for-stm32.7-2018-q2-update.linux64_1.5.0.202011040924/tools/bin/../lib/gcc/arm-none-eabi/7.3.1/../../../../arm-none-eabi/lib/thumb/v7e-m/fpv4-sp/hard/libstdc++_nano.a(pure.o)
                0x0000000008004c48                __cxa_pure_virtual
 .text._ZN10__cxxabiv111__terminateEPFvvE
                0x0000000008004c4e        0x8 /home/yogi/st/stm32cubeide_1.5.1/plugins/com.st.stm32cube.ide.mcu.externaltools.gnu-tools-for-stm32.7-2018-q2-update.linux64_1.5.0.202011040924/tools/bin/../lib/gcc/arm-none-eabi/7.3.1/../../../../arm-none-eabi/lib/thumb/v7e-m/fpv4-sp/hard/libstdc++_nano.a(eh_terminate.o)
                0x0000000008004c4e                __cxxabiv1::__terminate(void (*)())
 *fill*         0x0000000008004c56        0x2 
 .text._ZSt13get_terminatev
                0x0000000008004c58       0x10 /home/yogi/st/stm32cubeide_1.5.1/plugins/com.st.stm32cube.ide.mcu.externaltools.gnu-tools-for-stm32.7-2018-q2-update.linux64_1.5.0.202011040924/tools/bin/../lib/gcc/arm-none-eabi/7.3.1/../../../../arm-none-eabi/lib/thumb/v7e-m/fpv4-sp/hard/libstdc++_nano.a(eh_terminate.o)
                0x0000000008004c58                std::get_terminate()
 .text._ZSt9terminatev
                0x0000000008004c68        0xa /home/yogi/st/stm32cubeide_1.5.1/plugins/com.st.stm32cube.ide.mcu.externaltools.gnu-tools-for-stm32.7-2018-q2-update.linux64_1.5.0.202011040924/tools/bin/../lib/gcc/arm-none-eabi/7.3.1/../../../../arm-none-eabi/lib/thumb/v7e-m/fpv4-sp/hard/libstdc++_nano.a(eh_terminate.o)
                0x0000000008004c68                std::terminate()
 .text.abort    0x0000000008004c72        0xe /home/yogi/st/stm32cubeide_1.5.1/plugins/com.st.stm32cube.ide.mcu.externaltools.gnu-tools-for-stm32.7-2018-q2-update.linux64_1.5.0.202011040924/tools/bin/../lib/gcc/arm-none-eabi/7.3.1/../../../../arm-none-eabi/lib/thumb/v7e-m/fpv4-sp/hard/libc_nano.a(lib_a-abort.o)
                0x0000000008004c72                abort
 .text.__errno  0x0000000008004c80        0xc /home/yogi/st/stm32cubeide_1.5.1/plugins/com.st.stm32cube.ide.mcu.externaltools.gnu-tools-for-stm32.7-2018-q2-update.linux64_1.5.0.202011040924/tools/bin/../lib/gcc/arm-none-eabi/7.3.1/../../../../arm-none-eabi/lib/thumb/v7e-m/fpv4-sp/hard/libc_nano.a(lib_a-errno.o)
                0x0000000008004c80                __errno
 .text.__libc_init_array
                0x0000000008004c8c       0x48 /home/yogi/st/stm32cubeide_1.5.1/plugins/com.st.stm32cube.ide.mcu.externaltools.gnu-tools-for-stm32.7-2018-q2-update.linux64_1.5.0.202011040924/tools/bin/../lib/gcc/arm-none-eabi/7.3.1/../../../../arm-none-eabi/lib/thumb/v7e-m/fpv4-sp/hard/libc_nano.a(lib_a-init.o)
                0x0000000008004c8c                __libc_init_array
 .text.memcpy   0x0000000008004cd4       0x16 /home/yogi/st/stm32cubeide_1.5.1/plugins/com.st.stm32cube.ide.mcu.externaltools.gnu-tools-for-stm32.7-2018-q2-update.linux64_1.5.0.202011040924/tools/bin/../lib/gcc/arm-none-eabi/7.3.1/../../../../arm-none-eabi/lib/thumb/v7e-m/fpv4-sp/hard/libc_nano.a(lib_a-memcpy-stub.o)
                0x0000000008004cd4                memcpy
 .text.memset   0x0000000008004cea       0x10 /home/yogi/st/stm32cubeide_1.5.1/plugins/com.st.stm32cube.ide.mcu.externaltools.gnu-tools-for-stm32.7-2018-q2-update.linux64_1.5.0.202011040924/tools/bin/../lib/gcc/arm-none-eabi/7.3.1/../../../../arm-none-eabi/lib/thumb/v7e-m/fpv4-sp/hard/libc_nano.a(lib_a-memset.o)
                0x0000000008004cea                memset
 *fill*         0x0000000008004cfa        0x2 
 .text.realloc  0x0000000008004cfc       0x10 /home/yogi/st/stm32cubeide_1.5.1/plugins/com.st.stm32cube.ide.mcu.externaltools.gnu-tools-for-stm32.7-2018-q2-update.linux64_1.5.0.202011040924/tools/bin/../lib/gcc/arm-none-eabi/7.3.1/../../../../arm-none-eabi/lib/thumb/v7e-m/fpv4-sp/hard/libc_nano.a(lib_a-realloc.o)
                0x0000000008004cfc                realloc
 .text._raise_r
                0x0000000008004d0c       0x50 /home/yogi/st/stm32cubeide_1.5.1/plugins/com.st.stm32cube.ide.mcu.externaltools.gnu-tools-for-stm32.7-2018-q2-update.linux64_1.5.0.202011040924/tools/bin/../lib/gcc/arm-none-eabi/7.3.1/../../../../arm-none-eabi/lib/thumb/v7e-m/fpv4-sp/hard/libc_nano.a(lib_a-signal.o)
                0x0000000008004d0c                _raise_r
 .text.raise    0x0000000008004d5c       0x10 /home/yogi/st/stm32cubeide_1.5.1/plugins/com.st.stm32cube.ide.mcu.externaltools.gnu-tools-for-stm32.7-2018-q2-update.linux64_1.5.0.202011040924/tools/bin/../lib/gcc/arm-none-eabi/7.3.1/../../../../arm-none-eabi/lib/thumb/v7e-m/fpv4-sp/hard/libc_nano.a(lib_a-signal.o)
                0x0000000008004d5c                raise
 .text._kill_r  0x0000000008004d6c       0x24 /home/yogi/st/stm32cubeide_1.5.1/plugins/com.st.stm32cube.ide.mcu.externaltools.gnu-tools-for-stm32.7-2018-q2-update.linux64_1.5.0.202011040924/tools/bin/../lib/gcc/arm-none-eabi/7.3.1/../../../../arm-none-eabi/lib/thumb/v7e-m/fpv4-sp/hard/libc_nano.a(lib_a-signalr.o)
                0x0000000008004d6c                _kill_r
 .text._getpid_r
                0x0000000008004d90        0x4 /home/yogi/st/stm32cubeide_1.5.1/plugins/com.st.stm32cube.ide.mcu.externaltools.gnu-tools-for-stm32.7-2018-q2-update.linux64_1.5.0.202011040924/tools/bin/../lib/gcc/arm-none-eabi/7.3.1/../../../../arm-none-eabi/lib/thumb/v7e-m/fpv4-sp/hard/libc_nano.a(lib_a-signalr.o)
                0x0000000008004d90                _getpid_r
 .text._malloc_r
                0x0000000008004d94       0xb4 /home/yogi/st/stm32cubeide_1.5.1/plugins/com.st.stm32cube.ide.mcu.externaltools.gnu-tools-for-stm32.7-2018-q2-update.linux64_1.5.0.202011040924/tools/bin/../lib/gcc/arm-none-eabi/7.3.1/../../../../arm-none-eabi/lib/thumb/v7e-m/fpv4-sp/hard/libc_nano.a(lib_a-nano-mallocr.o)
                0x0000000008004d94                _malloc_r
 .text._realloc_r
                0x0000000008004e48       0x4c /home/yogi/st/stm32cubeide_1.5.1/plugins/com.st.stm32cube.ide.mcu.externaltools.gnu-tools-for-stm32.7-2018-q2-update.linux64_1.5.0.202011040924/tools/bin/../lib/gcc/arm-none-eabi/7.3.1/../../../../arm-none-eabi/lib/thumb/v7e-m/fpv4-sp/hard/libc_nano.a(lib_a-nano-reallocr.o)
                0x0000000008004e48                _realloc_r
 .text._sbrk_r  0x0000000008004e94       0x20 /home/yogi/st/stm32cubeide_1.5.1/plugins/com.st.stm32cube.ide.mcu.externaltools.gnu-tools-for-stm32.7-2018-q2-update.linux64_1.5.0.202011040924/tools/bin/../lib/gcc/arm-none-eabi/7.3.1/../../../../arm-none-eabi/lib/thumb/v7e-m/fpv4-sp/hard/libc_nano.a(lib_a-sbrkr.o)
                0x0000000008004e94                _sbrk_r
 .text.__malloc_lock
                0x0000000008004eb4        0x2 /home/yogi/st/stm32cubeide_1.5.1/plugins/com.st.stm32cube.ide.mcu.externaltools.gnu-tools-for-stm32.7-2018-q2-update.linux64_1.5.0.202011040924/tools/bin/../lib/gcc/arm-none-eabi/7.3.1/../../../../arm-none-eabi/lib/thumb/v7e-m/fpv4-sp/hard/libc_nano.a(lib_a-mlock.o)
                0x0000000008004eb4                __malloc_lock
 .text.__malloc_unlock
                0x0000000008004eb6        0x2 /home/yogi/st/stm32cubeide_1.5.1/plugins/com.st.stm32cube.ide.mcu.externaltools.gnu-tools-for-stm32.7-2018-q2-update.linux64_1.5.0.202011040924/tools/bin/../lib/gcc/arm-none-eabi/7.3.1/../../../../arm-none-eabi/lib/thumb/v7e-m/fpv4-sp/hard/libc_nano.a(lib_a-mlock.o)
                0x0000000008004eb6                __malloc_unlock
 .text._free_r  0x0000000008004eb8       0x9c /home/yogi/st/stm32cubeide_1.5.1/plugins/com.st.stm32cube.ide.mcu.externaltools.gnu-tools-for-stm32.7-2018-q2-update.linux64_1.5.0.202011040924/tools/bin/../lib/gcc/arm-none-eabi/7.3.1/../../../../arm-none-eabi/lib/thumb/v7e-m/fpv4-sp/hard/libc_nano.a(lib_a-nano-freer.o)
                0x0000000008004eb8                _free_r
 .text._malloc_usable_size_r
                0x0000000008004f54       0x10 /home/yogi/st/stm32cubeide_1.5.1/plugins/com.st.stm32cube.ide.mcu.externaltools.gnu-tools-for-stm32.7-2018-q2-update.linux64_1.5.0.202011040924/tools/bin/../lib/gcc/arm-none-eabi/7.3.1/../../../../arm-none-eabi/lib/thumb/v7e-m/fpv4-sp/hard/libc_nano.a(lib_a-nano-msizer.o)
                0x0000000008004f54                _malloc_usable_size_r
 *(.glue_7)
 .glue_7        0x0000000008004f64        0x0 linker stubs
 *(.glue_7t)
 .glue_7t       0x0000000008004f64        0x0 linker stubs
 *(.eh_frame)
 .eh_frame      0x0000000008004f64        0x0 /home/yogi/st/stm32cubeide_1.5.1/plugins/com.st.stm32cube.ide.mcu.externaltools.gnu-tools-for-stm32.7-2018-q2-update.linux64_1.5.0.202011040924/tools/bin/../lib/gcc/arm-none-eabi/7.3.1/thumb/v7e-m/fpv4-sp/hard/crtbegin.o
 *(.init)
 .init          0x0000000008004f64        0x4 /home/yogi/st/stm32cubeide_1.5.1/plugins/com.st.stm32cube.ide.mcu.externaltools.gnu-tools-for-stm32.7-2018-q2-update.linux64_1.5.0.202011040924/tools/bin/../lib/gcc/arm-none-eabi/7.3.1/thumb/v7e-m/fpv4-sp/hard/crti.o
                0x0000000008004f64                _init
 .init          0x0000000008004f68        0x8 /home/yogi/st/stm32cubeide_1.5.1/plugins/com.st.stm32cube.ide.mcu.externaltools.gnu-tools-for-stm32.7-2018-q2-update.linux64_1.5.0.202011040924/tools/bin/../lib/gcc/arm-none-eabi/7.3.1/thumb/v7e-m/fpv4-sp/hard/crtn.o
 *(.fini)
 .fini          0x0000000008004f70        0x4 /home/yogi/st/stm32cubeide_1.5.1/plugins/com.st.stm32cube.ide.mcu.externaltools.gnu-tools-for-stm32.7-2018-q2-update.linux64_1.5.0.202011040924/tools/bin/../lib/gcc/arm-none-eabi/7.3.1/thumb/v7e-m/fpv4-sp/hard/crti.o
                0x0000000008004f70                _fini
 .fini          0x0000000008004f74        0x8 /home/yogi/st/stm32cubeide_1.5.1/plugins/com.st.stm32cube.ide.mcu.externaltools.gnu-tools-for-stm32.7-2018-q2-update.linux64_1.5.0.202011040924/tools/bin/../lib/gcc/arm-none-eabi/7.3.1/thumb/v7e-m/fpv4-sp/hard/crtn.o
                0x0000000008004f7c                . = ALIGN (0x4)
                0x0000000008004f7c                _etext = .

.vfp11_veneer   0x0000000008004f7c        0x0
 .vfp11_veneer  0x0000000008004f7c        0x0 linker stubs

.v4_bx          0x0000000008004f7c        0x0
 .v4_bx         0x0000000008004f7c        0x0 linker stubs

.iplt           0x0000000008004f7c        0x0
 .iplt          0x0000000008004f7c        0x0 /home/yogi/st/stm32cubeide_1.5.1/plugins/com.st.stm32cube.ide.mcu.externaltools.gnu-tools-for-stm32.7-2018-q2-update.linux64_1.5.0.202011040924/tools/bin/../lib/gcc/arm-none-eabi/7.3.1/thumb/v7e-m/fpv4-sp/hard/crtbegin.o

.rodata         0x0000000008004f7c      0x23c
                0x0000000008004f7c                . = ALIGN (0x4)
 *(.rodata)
 .rodata        0x0000000008004f7c      0x145 Core/Src/mainpp.o
 *(.rodata*)
 *fill*         0x00000000080050c1        0x3 
 .rodata._ZN14rosserial_msgsL12REQUESTPARAME
                0x00000000080050c4       0x1c Core/Src/mainpp.o
 .rodata._ZTVN3ros11NodeHandle_I13STM32HardwareLi25ELi25ELi512ELi512EEE
                0x00000000080050e0       0x14 Core/Src/mainpp.o
                0x00000000080050e0                vtable for ros::NodeHandle_<STM32Hardware, 25, 25, 512, 512>
 .rodata._ZTVN8std_msgs5Int32E
                0x00000000080050f4       0x18 Core/Src/mainpp.o
                0x00000000080050f4                vtable for std_msgs::Int32
 .rodata._ZTVN3ros15NodeHandleBase_E
                0x000000000800510c       0x14 Core/Src/mainpp.o
                0x000000000800510c                vtable for ros::NodeHandleBase_
 .rodata._ZTVN14rosserial_msgs20RequestParamResponseE
                0x0000000008005120       0x18 Core/Src/mainpp.o
                0x0000000008005120                vtable for rosserial_msgs::RequestParamResponse
 .rodata._ZTVN14rosserial_msgs3LogE
                0x0000000008005138       0x18 Core/Src/mainpp.o
                0x0000000008005138                vtable for rosserial_msgs::Log
 .rodata._ZTVN14rosserial_msgs9TopicInfoE
                0x0000000008005150       0x18 Core/Src/mainpp.o
                0x0000000008005150                vtable for rosserial_msgs::TopicInfo
 .rodata._ZTVN8std_msgs4TimeE
                0x0000000008005168       0x18 Core/Src/mainpp.o
                0x0000000008005168                vtable for std_msgs::Time
 .rodata._ZTVN3ros3MsgE
                0x0000000008005180       0x18 Core/Src/mainpp.o
                0x0000000008005180                vtable for ros::Msg
 .rodata.AHBPrescTable
                0x0000000008005198       0x10 Core/Src/system_stm32f4xx.o
                0x0000000008005198                AHBPrescTable
 .rodata.APBPrescTable
                0x00000000080051a8        0x8 Core/Src/system_stm32f4xx.o
                0x00000000080051a8                APBPrescTable
 .rodata.flagBitshiftOffset.7466
                0x00000000080051b0        0x8 Drivers/STM32F4xx_HAL_Driver/Src/stm32f4xx_hal_dma.o
                0x00000000080051b8                . = ALIGN (0x4)

.ARM.extab      0x00000000080051b8        0x0
                0x00000000080051b8                . = ALIGN (0x4)
 *(.ARM.extab* .gnu.linkonce.armextab.*)
                0x00000000080051b8                . = ALIGN (0x4)

.ARM            0x00000000080051b8        0x8
                0x00000000080051b8                . = ALIGN (0x4)
                0x00000000080051b8                __exidx_start = .
 *(.ARM.exidx*)
 .ARM.exidx     0x00000000080051b8        0x8 /home/yogi/st/stm32cubeide_1.5.1/plugins/com.st.stm32cube.ide.mcu.externaltools.gnu-tools-for-stm32.7-2018-q2-update.linux64_1.5.0.202011040924/tools/bin/../lib/gcc/arm-none-eabi/7.3.1/thumb/v7e-m/fpv4-sp/hard/libgcc.a(_udivmoddi4.o)
                0x00000000080051c0                __exidx_end = .
                0x00000000080051c0                . = ALIGN (0x4)

.rel.dyn        0x00000000080051c0        0x0
 .rel.iplt      0x00000000080051c0        0x0 /home/yogi/st/stm32cubeide_1.5.1/plugins/com.st.stm32cube.ide.mcu.externaltools.gnu-tools-for-stm32.7-2018-q2-update.linux64_1.5.0.202011040924/tools/bin/../lib/gcc/arm-none-eabi/7.3.1/thumb/v7e-m/fpv4-sp/hard/crtbegin.o

.preinit_array  0x00000000080051c0        0x0
                0x00000000080051c0                . = ALIGN (0x4)
                0x00000000080051c0                PROVIDE (__preinit_array_start = .)
 *(.preinit_array*)
                0x00000000080051c0                PROVIDE (__preinit_array_end = .)
                0x00000000080051c0                . = ALIGN (0x4)

.init_array     0x00000000080051c0        0x8
                0x00000000080051c0                . = ALIGN (0x4)
                0x00000000080051c0                PROVIDE (__init_array_start = .)
 *(SORT_BY_NAME(.init_array.*))
 *(.init_array*)
 .init_array    0x00000000080051c0        0x4 /home/yogi/st/stm32cubeide_1.5.1/plugins/com.st.stm32cube.ide.mcu.externaltools.gnu-tools-for-stm32.7-2018-q2-update.linux64_1.5.0.202011040924/tools/bin/../lib/gcc/arm-none-eabi/7.3.1/thumb/v7e-m/fpv4-sp/hard/crtbegin.o
 .init_array    0x00000000080051c4        0x4 Core/Src/mainpp.o
                0x00000000080051c8                PROVIDE (__init_array_end = .)
                0x00000000080051c8                . = ALIGN (0x4)

.fini_array     0x00000000080051c8        0x4
                0x00000000080051c8                . = ALIGN (0x4)
                [!provide]                        PROVIDE (__fini_array_start = .)
 *(SORT_BY_NAME(.fini_array.*))
 *(.fini_array*)
 .fini_array    0x00000000080051c8        0x4 /home/yogi/st/stm32cubeide_1.5.1/plugins/com.st.stm32cube.ide.mcu.externaltools.gnu-tools-for-stm32.7-2018-q2-update.linux64_1.5.0.202011040924/tools/bin/../lib/gcc/arm-none-eabi/7.3.1/thumb/v7e-m/fpv4-sp/hard/crtbegin.o
                [!provide]                        PROVIDE (__fini_array_end = .)
                0x00000000080051cc                . = ALIGN (0x4)
                0x00000000080051cc                _sidata = LOADADDR (.data)

.data           0x0000000020000000       0x74 load address 0x00000000080051cc
                0x0000000020000000                . = ALIGN (0x4)
                0x0000000020000000                _sdata = .
 *(.data)
 *(.data*)
 .data.SystemCoreClock
                0x0000000020000000        0x4 Core/Src/system_stm32f4xx.o
                0x0000000020000000                SystemCoreClock
 .data.uwTickPrio
                0x0000000020000004        0x4 Drivers/STM32F4xx_HAL_Driver/Src/stm32f4xx_hal.o
                0x0000000020000004                uwTickPrio
 .data.uwTickFreq
                0x0000000020000008        0x1 Drivers/STM32F4xx_HAL_Driver/Src/stm32f4xx_hal.o
                0x0000000020000008                uwTickFreq
 *fill*         0x0000000020000009        0x3 
 .data._ZN10__cxxabiv119__terminate_handlerE
                0x000000002000000c        0x4 /home/yogi/st/stm32cubeide_1.5.1/plugins/com.st.stm32cube.ide.mcu.externaltools.gnu-tools-for-stm32.7-2018-q2-update.linux64_1.5.0.202011040924/tools/bin/../lib/gcc/arm-none-eabi/7.3.1/../../../../arm-none-eabi/lib/thumb/v7e-m/fpv4-sp/hard/libstdc++_nano.a(eh_term_handler.o)
                0x000000002000000c                __cxxabiv1::__terminate_handler
 .data._impure_ptr
                0x0000000020000010        0x4 /home/yogi/st/stm32cubeide_1.5.1/plugins/com.st.stm32cube.ide.mcu.externaltools.gnu-tools-for-stm32.7-2018-q2-update.linux64_1.5.0.202011040924/tools/bin/../lib/gcc/arm-none-eabi/7.3.1/../../../../arm-none-eabi/lib/thumb/v7e-m/fpv4-sp/hard/libc_nano.a(lib_a-impure.o)
                0x0000000020000010                _impure_ptr
 .data.impure_data
                0x0000000020000014       0x60 /home/yogi/st/stm32cubeide_1.5.1/plugins/com.st.stm32cube.ide.mcu.externaltools.gnu-tools-for-stm32.7-2018-q2-update.linux64_1.5.0.202011040924/tools/bin/../lib/gcc/arm-none-eabi/7.3.1/../../../../arm-none-eabi/lib/thumb/v7e-m/fpv4-sp/hard/libc_nano.a(lib_a-impure.o)
 *(.RamFunc)
 *(.RamFunc*)
                0x0000000020000074                . = ALIGN (0x4)
                0x0000000020000074                _edata = .

.igot.plt       0x0000000020000074        0x0 load address 0x0000000008005240
 .igot.plt      0x0000000020000074        0x0 /home/yogi/st/stm32cubeide_1.5.1/plugins/com.st.stm32cube.ide.mcu.externaltools.gnu-tools-for-stm32.7-2018-q2-update.linux64_1.5.0.202011040924/tools/bin/../lib/gcc/arm-none-eabi/7.3.1/thumb/v7e-m/fpv4-sp/hard/crtbegin.o
                0x0000000020000074                . = ALIGN (0x4)

.bss            0x0000000020000074      0xa98 load address 0x0000000008005240
                0x0000000020000074                _sbss = .
                0x0000000020000074                __bss_start__ = _sbss
 *(.bss)
 .bss           0x0000000020000074       0x1c /home/yogi/st/stm32cubeide_1.5.1/plugins/com.st.stm32cube.ide.mcu.externaltools.gnu-tools-for-stm32.7-2018-q2-update.linux64_1.5.0.202011040924/tools/bin/../lib/gcc/arm-none-eabi/7.3.1/thumb/v7e-m/fpv4-sp/hard/crtbegin.o
 *(.bss*)
 .bss._ZZN13STM32Hardware5flushEvE5mutex
                0x0000000020000090        0x1 Core/Src/mainpp.o
                0x0000000020000090                STM32Hardware::flush()::mutex
 *fill*         0x0000000020000091        0x3 
 .bss.nh        0x0000000020000094      0x93c Core/Src/mainpp.o
                0x0000000020000094                nh
 .bss.num_msg   0x00000000200009d0        0x8 Core/Src/mainpp.o
                0x00000000200009d0                num_msg
 .bss.num_pub   0x00000000200009d8       0x14 Core/Src/mainpp.o
                0x00000000200009d8                num_pub
 .bss.nowTick   0x00000000200009ec        0x4 Core/Src/mainpp.o
                0x00000000200009ec                nowTick
 .bss.pastTick  0x00000000200009f0        0x4 Core/Src/mainpp.o
                0x00000000200009f0                pastTick
 .bss.num_test  0x00000000200009f4        0x4 Core/Src/mainpp.o
                0x00000000200009f4                num_test
 .bss.__sbrk_heap_end
                0x00000000200009f8        0x4 Core/Src/sysmem.o
 .bss.__malloc_free_list
                0x00000000200009fc        0x4 /home/yogi/st/stm32cubeide_1.5.1/plugins/com.st.stm32cube.ide.mcu.externaltools.gnu-tools-for-stm32.7-2018-q2-update.linux64_1.5.0.202011040924/tools/bin/../lib/gcc/arm-none-eabi/7.3.1/../../../../arm-none-eabi/lib/thumb/v7e-m/fpv4-sp/hard/libc_nano.a(lib_a-nano-mallocr.o)
                0x00000000200009fc                __malloc_free_list
 .bss.__malloc_sbrk_start
                0x0000000020000a00        0x4 /home/yogi/st/stm32cubeide_1.5.1/plugins/com.st.stm32cube.ide.mcu.externaltools.gnu-tools-for-stm32.7-2018-q2-update.linux64_1.5.0.202011040924/tools/bin/../lib/gcc/arm-none-eabi/7.3.1/../../../../arm-none-eabi/lib/thumb/v7e-m/fpv4-sp/hard/libc_nano.a(lib_a-nano-mallocr.o)
                0x0000000020000a00                __malloc_sbrk_start
 *(COMMON)
 COMMON         0x0000000020000a04      0x100 Core/Src/main.o
                0x0000000020000a04                hdma_usart1_tx
                0x0000000020000a64                hdma_usart1_rx
                0x0000000020000ac4                huart1
 COMMON         0x0000000020000b04        0x4 Drivers/STM32F4xx_HAL_Driver/Src/stm32f4xx_hal.o
                0x0000000020000b04                uwTick
 COMMON         0x0000000020000b08        0x4 /home/yogi/st/stm32cubeide_1.5.1/plugins/com.st.stm32cube.ide.mcu.externaltools.gnu-tools-for-stm32.7-2018-q2-update.linux64_1.5.0.202011040924/tools/bin/../lib/gcc/arm-none-eabi/7.3.1/../../../../arm-none-eabi/lib/thumb/v7e-m/fpv4-sp/hard/libc_nano.a(lib_a-reent.o)
                0x0000000020000b08                errno
                0x0000000020000b0c                . = ALIGN (0x4)
                0x0000000020000b0c                _ebss = .
                0x0000000020000b0c                __bss_end__ = _ebss

._user_heap_stack
                0x0000000020000b0c      0x604 load address 0x0000000008005240
                0x0000000020000b10                . = ALIGN (0x8)
 *fill*         0x0000000020000b0c        0x4 
                [!provide]                        PROVIDE (end = .)
                0x0000000020000b10                PROVIDE (_end = .)
                0x0000000020000d10                . = (. + _Min_Heap_Size)
 *fill*         0x0000000020000b10      0x200 
                0x0000000020001110                . = (. + _Min_Stack_Size)
 *fill*         0x0000000020000d10      0x400 
                0x0000000020001110                . = ALIGN (0x8)

/DISCARD/
 libc.a(*)
 libm.a(*)
 libgcc.a(*)

.ARM.attributes
                0x0000000000000000       0x30
 *(.ARM.attributes)
 .ARM.attributes
                0x0000000000000000       0x22 /home/yogi/st/stm32cubeide_1.5.1/plugins/com.st.stm32cube.ide.mcu.externaltools.gnu-tools-for-stm32.7-2018-q2-update.linux64_1.5.0.202011040924/tools/bin/../lib/gcc/arm-none-eabi/7.3.1/thumb/v7e-m/fpv4-sp/hard/crti.o
 .ARM.attributes
                0x0000000000000022       0x34 /home/yogi/st/stm32cubeide_1.5.1/plugins/com.st.stm32cube.ide.mcu.externaltools.gnu-tools-for-stm32.7-2018-q2-update.linux64_1.5.0.202011040924/tools/bin/../lib/gcc/arm-none-eabi/7.3.1/thumb/v7e-m/fpv4-sp/hard/crtbegin.o
 .ARM.attributes
                0x0000000000000056       0x39 Core/Src/main.o
 .ARM.attributes
                0x000000000000008f       0x39 Core/Src/mainpp.o
 .ARM.attributes
                0x00000000000000c8       0x39 Core/Src/stm32f4xx_hal_msp.o
 .ARM.attributes
                0x0000000000000101       0x39 Core/Src/stm32f4xx_it.o
 .ARM.attributes
                0x000000000000013a       0x39 Core/Src/syscalls.o
 .ARM.attributes
                0x0000000000000173       0x39 Core/Src/sysmem.o
 .ARM.attributes
                0x00000000000001ac       0x39 Core/Src/system_stm32f4xx.o
 .ARM.attributes
                0x00000000000001e5       0x39 Core/Src/time.o
 .ARM.attributes
                0x000000000000021e       0x21 Core/Startup/startup_stm32f411ceux.o
 .ARM.attributes
                0x000000000000023f       0x39 Drivers/STM32F4xx_HAL_Driver/Src/stm32f4xx_hal.o
 .ARM.attributes
                0x0000000000000278       0x39 Drivers/STM32F4xx_HAL_Driver/Src/stm32f4xx_hal_cortex.o
 .ARM.attributes
                0x00000000000002b1       0x39 Drivers/STM32F4xx_HAL_Driver/Src/stm32f4xx_hal_dma.o
 .ARM.attributes
                0x00000000000002ea       0x39 Drivers/STM32F4xx_HAL_Driver/Src/stm32f4xx_hal_gpio.o
 .ARM.attributes
                0x0000000000000323       0x39 Drivers/STM32F4xx_HAL_Driver/Src/stm32f4xx_hal_rcc.o
 .ARM.attributes
                0x000000000000035c       0x39 Drivers/STM32F4xx_HAL_Driver/Src/stm32f4xx_hal_uart.o
 .ARM.attributes
                0x0000000000000395       0x34 /home/yogi/st/stm32cubeide_1.5.1/plugins/com.st.stm32cube.ide.mcu.externaltools.gnu-tools-for-stm32.7-2018-q2-update.linux64_1.5.0.202011040924/tools/bin/../lib/gcc/arm-none-eabi/7.3.1/../../../../arm-none-eabi/lib/thumb/v7e-m/fpv4-sp/hard/libstdc++_nano.a(pure.o)
 .ARM.attributes
                0x00000000000003c9       0x34 /home/yogi/st/stm32cubeide_1.5.1/plugins/com.st.stm32cube.ide.mcu.externaltools.gnu-tools-for-stm32.7-2018-q2-update.linux64_1.5.0.202011040924/tools/bin/../lib/gcc/arm-none-eabi/7.3.1/../../../../arm-none-eabi/lib/thumb/v7e-m/fpv4-sp/hard/libstdc++_nano.a(eh_terminate.o)
 .ARM.attributes
                0x00000000000003fd       0x34 /home/yogi/st/stm32cubeide_1.5.1/plugins/com.st.stm32cube.ide.mcu.externaltools.gnu-tools-for-stm32.7-2018-q2-update.linux64_1.5.0.202011040924/tools/bin/../lib/gcc/arm-none-eabi/7.3.1/../../../../arm-none-eabi/lib/thumb/v7e-m/fpv4-sp/hard/libstdc++_nano.a(eh_term_handler.o)
 .ARM.attributes
                0x0000000000000431       0x34 /home/yogi/st/stm32cubeide_1.5.1/plugins/com.st.stm32cube.ide.mcu.externaltools.gnu-tools-for-stm32.7-2018-q2-update.linux64_1.5.0.202011040924/tools/bin/../lib/gcc/arm-none-eabi/7.3.1/../../../../arm-none-eabi/lib/thumb/v7e-m/fpv4-sp/hard/libc_nano.a(lib_a-abort.o)
 .ARM.attributes
                0x0000000000000465       0x34 /home/yogi/st/stm32cubeide_1.5.1/plugins/com.st.stm32cube.ide.mcu.externaltools.gnu-tools-for-stm32.7-2018-q2-update.linux64_1.5.0.202011040924/tools/bin/../lib/gcc/arm-none-eabi/7.3.1/../../../../arm-none-eabi/lib/thumb/v7e-m/fpv4-sp/hard/libc_nano.a(lib_a-errno.o)
 .ARM.attributes
                0x0000000000000499       0x34 /home/yogi/st/stm32cubeide_1.5.1/plugins/com.st.stm32cube.ide.mcu.externaltools.gnu-tools-for-stm32.7-2018-q2-update.linux64_1.5.0.202011040924/tools/bin/../lib/gcc/arm-none-eabi/7.3.1/../../../../arm-none-eabi/lib/thumb/v7e-m/fpv4-sp/hard/libc_nano.a(lib_a-impure.o)
 .ARM.attributes
                0x00000000000004cd       0x34 /home/yogi/st/stm32cubeide_1.5.1/plugins/com.st.stm32cube.ide.mcu.externaltools.gnu-tools-for-stm32.7-2018-q2-update.linux64_1.5.0.202011040924/tools/bin/../lib/gcc/arm-none-eabi/7.3.1/../../../../arm-none-eabi/lib/thumb/v7e-m/fpv4-sp/hard/libc_nano.a(lib_a-init.o)
 .ARM.attributes
                0x0000000000000501       0x34 /home/yogi/st/stm32cubeide_1.5.1/plugins/com.st.stm32cube.ide.mcu.externaltools.gnu-tools-for-stm32.7-2018-q2-update.linux64_1.5.0.202011040924/tools/bin/../lib/gcc/arm-none-eabi/7.3.1/../../../../arm-none-eabi/lib/thumb/v7e-m/fpv4-sp/hard/libc_nano.a(lib_a-memcpy-stub.o)
 .ARM.attributes
                0x0000000000000535       0x34 /home/yogi/st/stm32cubeide_1.5.1/plugins/com.st.stm32cube.ide.mcu.externaltools.gnu-tools-for-stm32.7-2018-q2-update.linux64_1.5.0.202011040924/tools/bin/../lib/gcc/arm-none-eabi/7.3.1/../../../../arm-none-eabi/lib/thumb/v7e-m/fpv4-sp/hard/libc_nano.a(lib_a-memset.o)
 .ARM.attributes
                0x0000000000000569       0x34 /home/yogi/st/stm32cubeide_1.5.1/plugins/com.st.stm32cube.ide.mcu.externaltools.gnu-tools-for-stm32.7-2018-q2-update.linux64_1.5.0.202011040924/tools/bin/../lib/gcc/arm-none-eabi/7.3.1/../../../../arm-none-eabi/lib/thumb/v7e-m/fpv4-sp/hard/libc_nano.a(lib_a-realloc.o)
 .ARM.attributes
                0x000000000000059d       0x34 /home/yogi/st/stm32cubeide_1.5.1/plugins/com.st.stm32cube.ide.mcu.externaltools.gnu-tools-for-stm32.7-2018-q2-update.linux64_1.5.0.202011040924/tools/bin/../lib/gcc/arm-none-eabi/7.3.1/../../../../arm-none-eabi/lib/thumb/v7e-m/fpv4-sp/hard/libc_nano.a(lib_a-signal.o)
 .ARM.attributes
                0x00000000000005d1       0x34 /home/yogi/st/stm32cubeide_1.5.1/plugins/com.st.stm32cube.ide.mcu.externaltools.gnu-tools-for-stm32.7-2018-q2-update.linux64_1.5.0.202011040924/tools/bin/../lib/gcc/arm-none-eabi/7.3.1/../../../../arm-none-eabi/lib/thumb/v7e-m/fpv4-sp/hard/libc_nano.a(lib_a-signalr.o)
 .ARM.attributes
                0x0000000000000605       0x1b /home/yogi/st/stm32cubeide_1.5.1/plugins/com.st.stm32cube.ide.mcu.externaltools.gnu-tools-for-stm32.7-2018-q2-update.linux64_1.5.0.202011040924/tools/bin/../lib/gcc/arm-none-eabi/7.3.1/../../../../arm-none-eabi/lib/thumb/v7e-m/fpv4-sp/hard/libc_nano.a(lib_a-strlen.o)
 .ARM.attributes
                0x0000000000000620       0x34 /home/yogi/st/stm32cubeide_1.5.1/plugins/com.st.stm32cube.ide.mcu.externaltools.gnu-tools-for-stm32.7-2018-q2-update.linux64_1.5.0.202011040924/tools/bin/../lib/gcc/arm-none-eabi/7.3.1/../../../../arm-none-eabi/lib/thumb/v7e-m/fpv4-sp/hard/libc_nano.a(lib_a-nano-mallocr.o)
 .ARM.attributes
                0x0000000000000654       0x34 /home/yogi/st/stm32cubeide_1.5.1/plugins/com.st.stm32cube.ide.mcu.externaltools.gnu-tools-for-stm32.7-2018-q2-update.linux64_1.5.0.202011040924/tools/bin/../lib/gcc/arm-none-eabi/7.3.1/../../../../arm-none-eabi/lib/thumb/v7e-m/fpv4-sp/hard/libc_nano.a(lib_a-nano-reallocr.o)
 .ARM.attributes
                0x0000000000000688       0x34 /home/yogi/st/stm32cubeide_1.5.1/plugins/com.st.stm32cube.ide.mcu.externaltools.gnu-tools-for-stm32.7-2018-q2-update.linux64_1.5.0.202011040924/tools/bin/../lib/gcc/arm-none-eabi/7.3.1/../../../../arm-none-eabi/lib/thumb/v7e-m/fpv4-sp/hard/libc_nano.a(lib_a-reent.o)
 .ARM.attributes
                0x00000000000006bc       0x34 /home/yogi/st/stm32cubeide_1.5.1/plugins/com.st.stm32cube.ide.mcu.externaltools.gnu-tools-for-stm32.7-2018-q2-update.linux64_1.5.0.202011040924/tools/bin/../lib/gcc/arm-none-eabi/7.3.1/../../../../arm-none-eabi/lib/thumb/v7e-m/fpv4-sp/hard/libc_nano.a(lib_a-sbrkr.o)
 .ARM.attributes
                0x00000000000006f0       0x34 /home/yogi/st/stm32cubeide_1.5.1/plugins/com.st.stm32cube.ide.mcu.externaltools.gnu-tools-for-stm32.7-2018-q2-update.linux64_1.5.0.202011040924/tools/bin/../lib/gcc/arm-none-eabi/7.3.1/../../../../arm-none-eabi/lib/thumb/v7e-m/fpv4-sp/hard/libc_nano.a(lib_a-mlock.o)
 .ARM.attributes
                0x0000000000000724       0x34 /home/yogi/st/stm32cubeide_1.5.1/plugins/com.st.stm32cube.ide.mcu.externaltools.gnu-tools-for-stm32.7-2018-q2-update.linux64_1.5.0.202011040924/tools/bin/../lib/gcc/arm-none-eabi/7.3.1/../../../../arm-none-eabi/lib/thumb/v7e-m/fpv4-sp/hard/libc_nano.a(lib_a-nano-freer.o)
 .ARM.attributes
                0x0000000000000758       0x34 /home/yogi/st/stm32cubeide_1.5.1/plugins/com.st.stm32cube.ide.mcu.externaltools.gnu-tools-for-stm32.7-2018-q2-update.linux64_1.5.0.202011040924/tools/bin/../lib/gcc/arm-none-eabi/7.3.1/../../../../arm-none-eabi/lib/thumb/v7e-m/fpv4-sp/hard/libc_nano.a(lib_a-nano-msizer.o)
 .ARM.attributes
                0x000000000000078c       0x22 /home/yogi/st/stm32cubeide_1.5.1/plugins/com.st.stm32cube.ide.mcu.externaltools.gnu-tools-for-stm32.7-2018-q2-update.linux64_1.5.0.202011040924/tools/bin/../lib/gcc/arm-none-eabi/7.3.1/thumb/v7e-m/fpv4-sp/hard/libgcc.a(_aeabi_uldivmod.o)
 .ARM.attributes
                0x00000000000007ae       0x34 /home/yogi/st/stm32cubeide_1.5.1/plugins/com.st.stm32cube.ide.mcu.externaltools.gnu-tools-for-stm32.7-2018-q2-update.linux64_1.5.0.202011040924/tools/bin/../lib/gcc/arm-none-eabi/7.3.1/thumb/v7e-m/fpv4-sp/hard/libgcc.a(_udivmoddi4.o)
 .ARM.attributes
                0x00000000000007e2       0x22 /home/yogi/st/stm32cubeide_1.5.1/plugins/com.st.stm32cube.ide.mcu.externaltools.gnu-tools-for-stm32.7-2018-q2-update.linux64_1.5.0.202011040924/tools/bin/../lib/gcc/arm-none-eabi/7.3.1/thumb/v7e-m/fpv4-sp/hard/libgcc.a(_dvmd_tls.o)
 .ARM.attributes
                0x0000000000000804       0x22 /home/yogi/st/stm32cubeide_1.5.1/plugins/com.st.stm32cube.ide.mcu.externaltools.gnu-tools-for-stm32.7-2018-q2-update.linux64_1.5.0.202011040924/tools/bin/../lib/gcc/arm-none-eabi/7.3.1/thumb/v7e-m/fpv4-sp/hard/crtn.o
OUTPUT(STM_ROS.elf elf32-littlearm)

.debug_info     0x0000000000000000     0xd889
 .debug_info    0x0000000000000000      0xc01 Core/Src/main.o
 .debug_info    0x0000000000000c01     0x450b Core/Src/mainpp.o
 .debug_info    0x000000000000510c      0xb33 Core/Src/stm32f4xx_hal_msp.o
 .debug_info    0x0000000000005c3f      0x6b5 Core/Src/stm32f4xx_it.o
 .debug_info    0x00000000000062f4      0xebd Core/Src/syscalls.o
 .debug_info    0x00000000000071b1      0x985 Core/Src/sysmem.o
 .debug_info    0x0000000000007b36      0x57e Core/Src/system_stm32f4xx.o
 .debug_info    0x00000000000080b4     0x14a1 Core/Src/time.o
 .debug_info    0x0000000000009555       0x22 Core/Startup/startup_stm32f411ceux.o
 .debug_info    0x0000000000009577      0x8d5 Drivers/STM32F4xx_HAL_Driver/Src/stm32f4xx_hal.o
 .debug_info    0x0000000000009e4c      0xd98 Drivers/STM32F4xx_HAL_Driver/Src/stm32f4xx_hal_cortex.o
 .debug_info    0x000000000000abe4      0x960 Drivers/STM32F4xx_HAL_Driver/Src/stm32f4xx_hal_dma.o
 .debug_info    0x000000000000b544      0x7d7 Drivers/STM32F4xx_HAL_Driver/Src/stm32f4xx_hal_gpio.o
 .debug_info    0x000000000000bd1b      0x92a Drivers/STM32F4xx_HAL_Driver/Src/stm32f4xx_hal_rcc.o
 .debug_info    0x000000000000c645     0x1244 Drivers/STM32F4xx_HAL_Driver/Src/stm32f4xx_hal_uart.o

.debug_abbrev   0x0000000000000000     0x22a4
 .debug_abbrev  0x0000000000000000      0x217 Core/Src/main.o
 .debug_abbrev  0x0000000000000217      0x790 Core/Src/mainpp.o
 .debug_abbrev  0x00000000000009a7      0x195 Core/Src/stm32f4xx_hal_msp.o
 .debug_abbrev  0x0000000000000b3c      0x158 Core/Src/stm32f4xx_it.o
 .debug_abbrev  0x0000000000000c94      0x261 Core/Src/syscalls.o
 .debug_abbrev  0x0000000000000ef5      0x19b Core/Src/sysmem.o
 .debug_abbrev  0x0000000000001090      0x12b Core/Src/system_stm32f4xx.o
 .debug_abbrev  0x00000000000011bb      0x39b Core/Src/time.o
 .debug_abbrev  0x0000000000001556       0x12 Core/Startup/startup_stm32f411ceux.o
 .debug_abbrev  0x0000000000001568      0x1f2 Drivers/STM32F4xx_HAL_Driver/Src/stm32f4xx_hal.o
 .debug_abbrev  0x000000000000175a      0x2fa Drivers/STM32F4xx_HAL_Driver/Src/stm32f4xx_hal_cortex.o
 .debug_abbrev  0x0000000000001a54      0x1f1 Drivers/STM32F4xx_HAL_Driver/Src/stm32f4xx_hal_dma.o
 .debug_abbrev  0x0000000000001c45      0x1c9 Drivers/STM32F4xx_HAL_Driver/Src/stm32f4xx_hal_gpio.o
 .debug_abbrev  0x0000000000001e0e      0x245 Drivers/STM32F4xx_HAL_Driver/Src/stm32f4xx_hal_rcc.o
 .debug_abbrev  0x0000000000002053      0x251 Drivers/STM32F4xx_HAL_Driver/Src/stm32f4xx_hal_uart.o

.debug_aranges  0x0000000000000000      0x990
 .debug_aranges
                0x0000000000000000       0x48 Core/Src/main.o
 .debug_aranges
                0x0000000000000048      0x1f8 Core/Src/mainpp.o
 .debug_aranges
                0x0000000000000240       0x30 Core/Src/stm32f4xx_hal_msp.o
 .debug_aranges
                0x0000000000000270       0x78 Core/Src/stm32f4xx_it.o
 .debug_aranges
                0x00000000000002e8       0xa8 Core/Src/syscalls.o
 .debug_aranges
                0x0000000000000390       0x20 Core/Src/sysmem.o
 .debug_aranges
                0x00000000000003b0       0x28 Core/Src/system_stm32f4xx.o
 .debug_aranges
                0x00000000000003d8       0x48 Core/Src/time.o
 .debug_aranges
                0x0000000000000420       0x28 Core/Startup/startup_stm32f411ceux.o
 .debug_aranges
                0x0000000000000448       0xf0 Drivers/STM32F4xx_HAL_Driver/Src/stm32f4xx_hal.o
 .debug_aranges
                0x0000000000000538      0x118 Drivers/STM32F4xx_HAL_Driver/Src/stm32f4xx_hal_cortex.o
 .debug_aranges
                0x0000000000000650       0x90 Drivers/STM32F4xx_HAL_Driver/Src/stm32f4xx_hal_dma.o
 .debug_aranges
                0x00000000000006e0       0x58 Drivers/STM32F4xx_HAL_Driver/Src/stm32f4xx_hal_gpio.o
 .debug_aranges
                0x0000000000000738       0x88 Drivers/STM32F4xx_HAL_Driver/Src/stm32f4xx_hal_rcc.o
 .debug_aranges
                0x00000000000007c0      0x1d0 Drivers/STM32F4xx_HAL_Driver/Src/stm32f4xx_hal_uart.o

.debug_ranges   0x0000000000000000      0x8c0
 .debug_ranges  0x0000000000000000       0x38 Core/Src/main.o
 .debug_ranges  0x0000000000000038      0x200 Core/Src/mainpp.o
 .debug_ranges  0x0000000000000238       0x20 Core/Src/stm32f4xx_hal_msp.o
 .debug_ranges  0x0000000000000258       0x68 Core/Src/stm32f4xx_it.o
 .debug_ranges  0x00000000000002c0       0x98 Core/Src/syscalls.o
 .debug_ranges  0x0000000000000358       0x10 Core/Src/sysmem.o
 .debug_ranges  0x0000000000000368       0x18 Core/Src/system_stm32f4xx.o
 .debug_ranges  0x0000000000000380       0x38 Core/Src/time.o
 .debug_ranges  0x00000000000003b8       0x20 Core/Startup/startup_stm32f411ceux.o
 .debug_ranges  0x00000000000003d8       0xe0 Drivers/STM32F4xx_HAL_Driver/Src/stm32f4xx_hal.o
 .debug_ranges  0x00000000000004b8      0x108 Drivers/STM32F4xx_HAL_Driver/Src/stm32f4xx_hal_cortex.o
 .debug_ranges  0x00000000000005c0       0x80 Drivers/STM32F4xx_HAL_Driver/Src/stm32f4xx_hal_dma.o
 .debug_ranges  0x0000000000000640       0x48 Drivers/STM32F4xx_HAL_Driver/Src/stm32f4xx_hal_gpio.o
 .debug_ranges  0x0000000000000688       0x78 Drivers/STM32F4xx_HAL_Driver/Src/stm32f4xx_hal_rcc.o
 .debug_ranges  0x0000000000000700      0x1c0 Drivers/STM32F4xx_HAL_Driver/Src/stm32f4xx_hal_uart.o

.debug_macro    0x0000000000000000    0x1752c
 .debug_macro   0x0000000000000000      0x1ce Core/Src/main.o
 .debug_macro   0x00000000000001ce      0xa5a Core/Src/main.o
 .debug_macro   0x0000000000000c28      0x28e Core/Src/main.o
 .debug_macro   0x0000000000000eb6       0x2e Core/Src/main.o
 .debug_macro   0x0000000000000ee4       0x28 Core/Src/main.o
 .debug_macro   0x0000000000000f0c       0x8e Core/Src/main.o
 .debug_macro   0x0000000000000f9a       0x51 Core/Src/main.o
 .debug_macro   0x0000000000000feb       0x1c Core/Src/main.o
 .debug_macro   0x0000000000001007       0x22 Core/Src/main.o
 .debug_macro   0x0000000000001029       0xdf Core/Src/main.o
 .debug_macro   0x0000000000001108     0x102d Core/Src/main.o
 .debug_macro   0x0000000000002135      0x11f Core/Src/main.o
 .debug_macro   0x0000000000002254     0xb937 Core/Src/main.o
 .debug_macro   0x000000000000db8b       0x43 Core/Src/main.o
 .debug_macro   0x000000000000dbce     0x3659 Core/Src/main.o
 .debug_macro   0x0000000000011227      0x174 Core/Src/main.o
 .debug_macro   0x000000000001139b       0x5a Core/Src/main.o
 .debug_macro   0x00000000000113f5      0x447 Core/Src/main.o
 .debug_macro   0x000000000001183c      0x9fe Core/Src/main.o
 .debug_macro   0x000000000001223a      0x117 Core/Src/main.o
 .debug_macro   0x0000000000012351      0x11b Core/Src/main.o
 .debug_macro   0x000000000001246c       0x27 Core/Src/main.o
 .debug_macro   0x0000000000012493      0x15f Core/Src/main.o
 .debug_macro   0x00000000000125f2      0x287 Core/Src/main.o
 .debug_macro   0x0000000000012879       0x5f Core/Src/main.o
 .debug_macro   0x00000000000128d8      0x236 Core/Src/main.o
 .debug_macro   0x0000000000012b0e      0x132 Core/Src/main.o
 .debug_macro   0x0000000000012c40      0x264 Core/Src/main.o
 .debug_macro   0x0000000000012ea4       0x2e Core/Src/main.o
 .debug_macro   0x0000000000012ed2      0x11a Core/Src/main.o
 .debug_macro   0x0000000000012fec       0x85 Core/Src/main.o
 .debug_macro   0x0000000000013071       0x89 Core/Src/main.o
 .debug_macro   0x00000000000130fa      0x287 Core/Src/main.o
 .debug_macro   0x0000000000013381      0x126 Core/Src/main.o
 .debug_macro   0x00000000000134a7      0x401 Core/Src/mainpp.o
 .debug_macro   0x00000000000138a8       0x46 Core/Src/mainpp.o
 .debug_macro   0x00000000000138ee       0x10 Core/Src/mainpp.o
 .debug_macro   0x00000000000138fe       0x20 Core/Src/mainpp.o
 .debug_macro   0x000000000001391e       0x10 Core/Src/mainpp.o
 .debug_macro   0x000000000001392e       0x1c Core/Src/mainpp.o
 .debug_macro   0x000000000001394a       0xde Core/Src/mainpp.o
 .debug_macro   0x0000000000013a28       0x8e Core/Src/mainpp.o
 .debug_macro   0x0000000000013ab6      0x3cd Core/Src/mainpp.o
 .debug_macro   0x0000000000013e83       0x10 Core/Src/mainpp.o
 .debug_macro   0x0000000000013e93       0xd9 Core/Src/mainpp.o
 .debug_macro   0x0000000000013f6c     0x102d Core/Src/mainpp.o
 .debug_macro   0x0000000000014f99       0x54 Core/Src/mainpp.o
 .debug_macro   0x0000000000014fed      0x1c4 Core/Src/stm32f4xx_hal_msp.o
 .debug_macro   0x00000000000151b1      0x1ce Core/Src/stm32f4xx_it.o
 .debug_macro   0x000000000001537f      0x243 Core/Src/syscalls.o
 .debug_macro   0x00000000000155c2       0x34 Core/Src/syscalls.o
 .debug_macro   0x00000000000155f6      0x330 Core/Src/syscalls.o
 .debug_macro   0x0000000000015926       0x43 Core/Src/syscalls.o
 .debug_macro   0x0000000000015969       0x10 Core/Src/syscalls.o
 .debug_macro   0x0000000000015979       0x35 Core/Src/syscalls.o
 .debug_macro   0x00000000000159ae       0x10 Core/Src/syscalls.o
 .debug_macro   0x00000000000159be       0x10 Core/Src/syscalls.o
 .debug_macro   0x00000000000159ce       0x10 Core/Src/syscalls.o
 .debug_macro   0x00000000000159de       0x1c Core/Src/syscalls.o
 .debug_macro   0x00000000000159fa       0x52 Core/Src/syscalls.o
 .debug_macro   0x0000000000015a4c       0x40 Core/Src/syscalls.o
 .debug_macro   0x0000000000015a8c       0x10 Core/Src/syscalls.o
 .debug_macro   0x0000000000015a9c       0x40 Core/Src/syscalls.o
 .debug_macro   0x0000000000015adc       0xd7 Core/Src/syscalls.o
 .debug_macro   0x0000000000015bb3       0x1c Core/Src/syscalls.o
 .debug_macro   0x0000000000015bcf       0x3d Core/Src/syscalls.o
 .debug_macro   0x0000000000015c0c       0x35 Core/Src/syscalls.o
 .debug_macro   0x0000000000015c41      0x122 Core/Src/syscalls.o
 .debug_macro   0x0000000000015d63       0x10 Core/Src/syscalls.o
 .debug_macro   0x0000000000015d73      0x241 Core/Src/syscalls.o
 .debug_macro   0x0000000000015fb4       0x1c Core/Src/syscalls.o
 .debug_macro   0x0000000000015fd0       0x10 Core/Src/syscalls.o
 .debug_macro   0x0000000000015fe0       0x10 Core/Src/syscalls.o
 .debug_macro   0x0000000000015ff0       0x16 Core/Src/syscalls.o
 .debug_macro   0x0000000000016006      0x145 Core/Src/syscalls.o
 .debug_macro   0x000000000001614b      0x189 Core/Src/syscalls.o
 .debug_macro   0x00000000000162d4       0x16 Core/Src/syscalls.o
 .debug_macro   0x00000000000162ea       0x88 Core/Src/syscalls.o
 .debug_macro   0x0000000000016372       0xee Core/Src/sysmem.o
 .debug_macro   0x0000000000016460      0x23b Core/Src/sysmem.o
 .debug_macro   0x000000000001669b      0x1c0 Core/Src/system_stm32f4xx.o
 .debug_macro   0x000000000001685b      0x1b4 Core/Src/time.o
 .debug_macro   0x0000000000016a0f      0x21a Drivers/STM32F4xx_HAL_Driver/Src/stm32f4xx_hal.o
 .debug_macro   0x0000000000016c29      0x1ba Drivers/STM32F4xx_HAL_Driver/Src/stm32f4xx_hal_cortex.o
 .debug_macro   0x0000000000016de3      0x1c0 Drivers/STM32F4xx_HAL_Driver/Src/stm32f4xx_hal_dma.o
 .debug_macro   0x0000000000016fa3      0x1f0 Drivers/STM32F4xx_HAL_Driver/Src/stm32f4xx_hal_gpio.o
 .debug_macro   0x0000000000017193      0x1de Drivers/STM32F4xx_HAL_Driver/Src/stm32f4xx_hal_rcc.o
 .debug_macro   0x0000000000017371      0x1bb Drivers/STM32F4xx_HAL_Driver/Src/stm32f4xx_hal_uart.o

.debug_line     0x0000000000000000     0x821b
 .debug_line    0x0000000000000000      0x71a Core/Src/main.o
 .debug_line    0x000000000000071a     0x1497 Core/Src/mainpp.o
 .debug_line    0x0000000000001bb1      0x6d2 Core/Src/stm32f4xx_hal_msp.o
 .debug_line    0x0000000000002283      0x762 Core/Src/stm32f4xx_it.o
 .debug_line    0x00000000000029e5      0x72f Core/Src/syscalls.o
 .debug_line    0x0000000000003114      0x4b8 Core/Src/sysmem.o
 .debug_line    0x00000000000035cc      0x69f Core/Src/system_stm32f4xx.o
 .debug_line    0x0000000000003c6b      0x8fa Core/Src/time.o
 .debug_line    0x0000000000004565       0x85 Core/Startup/startup_stm32f411ceux.o
 .debug_line    0x00000000000045ea      0x889 Drivers/STM32F4xx_HAL_Driver/Src/stm32f4xx_hal.o
 .debug_line    0x0000000000004e73      0x9ad Drivers/STM32F4xx_HAL_Driver/Src/stm32f4xx_hal_cortex.o
 .debug_line    0x0000000000005820      0x957 Drivers/STM32F4xx_HAL_Driver/Src/stm32f4xx_hal_dma.o
 .debug_line    0x0000000000006177      0x82c Drivers/STM32F4xx_HAL_Driver/Src/stm32f4xx_hal_gpio.o
 .debug_line    0x00000000000069a3      0x8e1 Drivers/STM32F4xx_HAL_Driver/Src/stm32f4xx_hal_rcc.o
 .debug_line    0x0000000000007284      0xf97 Drivers/STM32F4xx_HAL_Driver/Src/stm32f4xx_hal_uart.o

.debug_str      0x0000000000000000    0x8adf4
 .debug_str     0x0000000000000000    0x7f761 Core/Src/main.o
                                      0x7fae8 (size before relaxing)
 .debug_str     0x000000000007f761     0x7a28 Core/Src/mainpp.o
                                      0x86f8a (size before relaxing)
 .debug_str     0x0000000000087189       0xb8 Core/Src/stm32f4xx_hal_msp.o
                                      0x7fa02 (size before relaxing)
 .debug_str     0x0000000000087241       0xff Core/Src/stm32f4xx_it.o
                                      0x7f579 (size before relaxing)
 .debug_str     0x0000000000087340     0x233d Core/Src/syscalls.o
                                       0x8891 (size before relaxing)
 .debug_str     0x000000000008967d       0x6b Core/Src/sysmem.o
                                       0x5f5f (size before relaxing)
 .debug_str     0x00000000000896e8       0xc4 Core/Src/system_stm32f4xx.o
                                      0x7f20d (size before relaxing)
 .debug_str     0x00000000000897ac       0x65 Core/Src/time.o
                                       0x9b8f (size before relaxing)
 .debug_str     0x0000000000089811       0x36 Core/Startup/startup_stm32f411ceux.o
                                         0x6c (size before relaxing)
 .debug_str     0x0000000000089847      0x588 Drivers/STM32F4xx_HAL_Driver/Src/stm32f4xx_hal.o
                                      0x7fb82 (size before relaxing)
 .debug_str     0x0000000000089dcf      0x390 Drivers/STM32F4xx_HAL_Driver/Src/stm32f4xx_hal_cortex.o
                                      0x7f95f (size before relaxing)
 .debug_str     0x000000000008a15f      0x322 Drivers/STM32F4xx_HAL_Driver/Src/stm32f4xx_hal_dma.o
                                      0x7f610 (size before relaxing)
 .debug_str     0x000000000008a481      0x228 Drivers/STM32F4xx_HAL_Driver/Src/stm32f4xx_hal_gpio.o
                                      0x7f44c (size before relaxing)
 .debug_str     0x000000000008a6a9      0x259 Drivers/STM32F4xx_HAL_Driver/Src/stm32f4xx_hal_rcc.o
                                      0x7f5fa (size before relaxing)
 .debug_str     0x000000000008a902      0x4f2 Drivers/STM32F4xx_HAL_Driver/Src/stm32f4xx_hal_uart.o
                                      0x7fa47 (size before relaxing)

.comment        0x0000000000000000       0x7b
 .comment       0x0000000000000000       0x7b Core/Src/main.o
                                         0x7c (size before relaxing)
 .comment       0x000000000000007b       0x7c Core/Src/mainpp.o
 .comment       0x000000000000007b       0x7c Core/Src/stm32f4xx_hal_msp.o
 .comment       0x000000000000007b       0x7c Core/Src/stm32f4xx_it.o
 .comment       0x000000000000007b       0x7c Core/Src/syscalls.o
 .comment       0x000000000000007b       0x7c Core/Src/sysmem.o
 .comment       0x000000000000007b       0x7c Core/Src/system_stm32f4xx.o
 .comment       0x000000000000007b       0x7c Core/Src/time.o
 .comment       0x000000000000007b       0x7c Drivers/STM32F4xx_HAL_Driver/Src/stm32f4xx_hal.o
 .comment       0x000000000000007b       0x7c Drivers/STM32F4xx_HAL_Driver/Src/stm32f4xx_hal_cortex.o
 .comment       0x000000000000007b       0x7c Drivers/STM32F4xx_HAL_Driver/Src/stm32f4xx_hal_dma.o
 .comment       0x000000000000007b       0x7c Drivers/STM32F4xx_HAL_Driver/Src/stm32f4xx_hal_gpio.o
 .comment       0x000000000000007b       0x7c Drivers/STM32F4xx_HAL_Driver/Src/stm32f4xx_hal_rcc.o
 .comment       0x000000000000007b       0x7c Drivers/STM32F4xx_HAL_Driver/Src/stm32f4xx_hal_uart.o

.debug_frame    0x0000000000000000     0x2a3c
 .debug_frame   0x0000000000000000       0xd0 Core/Src/main.o
 .debug_frame   0x00000000000000d0      0x8e4 Core/Src/mainpp.o
 .debug_frame   0x00000000000009b4       0x80 Core/Src/stm32f4xx_hal_msp.o
 .debug_frame   0x0000000000000a34      0x158 Core/Src/stm32f4xx_it.o
 .debug_frame   0x0000000000000b8c      0x2ac Core/Src/syscalls.o
 .debug_frame   0x0000000000000e38       0x34 Core/Src/sysmem.o
 .debug_frame   0x0000000000000e6c       0x58 Core/Src/system_stm32f4xx.o
 .debug_frame   0x0000000000000ec4       0xf0 Core/Src/time.o
 .debug_frame   0x0000000000000fb4      0x374 Drivers/STM32F4xx_HAL_Driver/Src/stm32f4xx_hal.o
 .debug_frame   0x0000000000001328      0x498 Drivers/STM32F4xx_HAL_Driver/Src/stm32f4xx_hal_cortex.o
 .debug_frame   0x00000000000017c0      0x250 Drivers/STM32F4xx_HAL_Driver/Src/stm32f4xx_hal_dma.o
 .debug_frame   0x0000000000001a10      0x14c Drivers/STM32F4xx_HAL_Driver/Src/stm32f4xx_hal_gpio.o
 .debug_frame   0x0000000000001b5c      0x1f0 Drivers/STM32F4xx_HAL_Driver/Src/stm32f4xx_hal_rcc.o
 .debug_frame   0x0000000000001d4c      0x844 Drivers/STM32F4xx_HAL_Driver/Src/stm32f4xx_hal_uart.o
 .debug_frame   0x0000000000002590       0x40 /home/yogi/st/stm32cubeide_1.5.1/plugins/com.st.stm32cube.ide.mcu.externaltools.gnu-tools-for-stm32.7-2018-q2-update.linux64_1.5.0.202011040924/tools/bin/../lib/gcc/arm-none-eabi/7.3.1/../../../../arm-none-eabi/lib/thumb/v7e-m/fpv4-sp/hard/libstdc++_nano.a(pure.o)
 .debug_frame   0x00000000000025d0       0xb0 /home/yogi/st/stm32cubeide_1.5.1/plugins/com.st.stm32cube.ide.mcu.externaltools.gnu-tools-for-stm32.7-2018-q2-update.linux64_1.5.0.202011040924/tools/bin/../lib/gcc/arm-none-eabi/7.3.1/../../../../arm-none-eabi/lib/thumb/v7e-m/fpv4-sp/hard/libstdc++_nano.a(eh_terminate.o)
 .debug_frame   0x0000000000002680       0x28 /home/yogi/st/stm32cubeide_1.5.1/plugins/com.st.stm32cube.ide.mcu.externaltools.gnu-tools-for-stm32.7-2018-q2-update.linux64_1.5.0.202011040924/tools/bin/../lib/gcc/arm-none-eabi/7.3.1/../../../../arm-none-eabi/lib/thumb/v7e-m/fpv4-sp/hard/libc_nano.a(lib_a-abort.o)
 .debug_frame   0x00000000000026a8       0x20 /home/yogi/st/stm32cubeide_1.5.1/plugins/com.st.stm32cube.ide.mcu.externaltools.gnu-tools-for-stm32.7-2018-q2-update.linux64_1.5.0.202011040924/tools/bin/../lib/gcc/arm-none-eabi/7.3.1/../../../../arm-none-eabi/lib/thumb/v7e-m/fpv4-sp/hard/libc_nano.a(lib_a-errno.o)
 .debug_frame   0x00000000000026c8       0x2c /home/yogi/st/stm32cubeide_1.5.1/plugins/com.st.stm32cube.ide.mcu.externaltools.gnu-tools-for-stm32.7-2018-q2-update.linux64_1.5.0.202011040924/tools/bin/../lib/gcc/arm-none-eabi/7.3.1/../../../../arm-none-eabi/lib/thumb/v7e-m/fpv4-sp/hard/libc_nano.a(lib_a-init.o)
 .debug_frame   0x00000000000026f4       0x28 /home/yogi/st/stm32cubeide_1.5.1/plugins/com.st.stm32cube.ide.mcu.externaltools.gnu-tools-for-stm32.7-2018-q2-update.linux64_1.5.0.202011040924/tools/bin/../lib/gcc/arm-none-eabi/7.3.1/../../../../arm-none-eabi/lib/thumb/v7e-m/fpv4-sp/hard/libc_nano.a(lib_a-memcpy-stub.o)
 .debug_frame   0x000000000000271c       0x20 /home/yogi/st/stm32cubeide_1.5.1/plugins/com.st.stm32cube.ide.mcu.externaltools.gnu-tools-for-stm32.7-2018-q2-update.linux64_1.5.0.202011040924/tools/bin/../lib/gcc/arm-none-eabi/7.3.1/../../../../arm-none-eabi/lib/thumb/v7e-m/fpv4-sp/hard/libc_nano.a(lib_a-memset.o)
 .debug_frame   0x000000000000273c       0x20 /home/yogi/st/stm32cubeide_1.5.1/plugins/com.st.stm32cube.ide.mcu.externaltools.gnu-tools-for-stm32.7-2018-q2-update.linux64_1.5.0.202011040924/tools/bin/../lib/gcc/arm-none-eabi/7.3.1/../../../../arm-none-eabi/lib/thumb/v7e-m/fpv4-sp/hard/libc_nano.a(lib_a-realloc.o)
 .debug_frame   0x000000000000275c       0xcc /home/yogi/st/stm32cubeide_1.5.1/plugins/com.st.stm32cube.ide.mcu.externaltools.gnu-tools-for-stm32.7-2018-q2-update.linux64_1.5.0.202011040924/tools/bin/../lib/gcc/arm-none-eabi/7.3.1/../../../../arm-none-eabi/lib/thumb/v7e-m/fpv4-sp/hard/libc_nano.a(lib_a-signal.o)
 .debug_frame   0x0000000000002828       0x3c /home/yogi/st/stm32cubeide_1.5.1/plugins/com.st.stm32cube.ide.mcu.externaltools.gnu-tools-for-stm32.7-2018-q2-update.linux64_1.5.0.202011040924/tools/bin/../lib/gcc/arm-none-eabi/7.3.1/../../../../arm-none-eabi/lib/thumb/v7e-m/fpv4-sp/hard/libc_nano.a(lib_a-signalr.o)
 .debug_frame   0x0000000000002864       0x2c /home/yogi/st/stm32cubeide_1.5.1/plugins/com.st.stm32cube.ide.mcu.externaltools.gnu-tools-for-stm32.7-2018-q2-update.linux64_1.5.0.202011040924/tools/bin/../lib/gcc/arm-none-eabi/7.3.1/../../../../arm-none-eabi/lib/thumb/v7e-m/fpv4-sp/hard/libc_nano.a(lib_a-nano-mallocr.o)
 .debug_frame   0x0000000000002890       0x3c /home/yogi/st/stm32cubeide_1.5.1/plugins/com.st.stm32cube.ide.mcu.externaltools.gnu-tools-for-stm32.7-2018-q2-update.linux64_1.5.0.202011040924/tools/bin/../lib/gcc/arm-none-eabi/7.3.1/../../../../arm-none-eabi/lib/thumb/v7e-m/fpv4-sp/hard/libc_nano.a(lib_a-nano-reallocr.o)
 .debug_frame   0x00000000000028cc       0x5c /home/yogi/st/stm32cubeide_1.5.1/plugins/com.st.stm32cube.ide.mcu.externaltools.gnu-tools-for-stm32.7-2018-q2-update.linux64_1.5.0.202011040924/tools/bin/../lib/gcc/arm-none-eabi/7.3.1/../../../../arm-none-eabi/lib/thumb/v7e-m/fpv4-sp/hard/libc_nano.a(lib_a-reent.o)
 .debug_frame   0x0000000000002928       0x2c /home/yogi/st/stm32cubeide_1.5.1/plugins/com.st.stm32cube.ide.mcu.externaltools.gnu-tools-for-stm32.7-2018-q2-update.linux64_1.5.0.202011040924/tools/bin/../lib/gcc/arm-none-eabi/7.3.1/../../../../arm-none-eabi/lib/thumb/v7e-m/fpv4-sp/hard/libc_nano.a(lib_a-sbrkr.o)
 .debug_frame   0x0000000000002954       0x30 /home/yogi/st/stm32cubeide_1.5.1/plugins/com.st.stm32cube.ide.mcu.externaltools.gnu-tools-for-stm32.7-2018-q2-update.linux64_1.5.0.202011040924/tools/bin/../lib/gcc/arm-none-eabi/7.3.1/../../../../arm-none-eabi/lib/thumb/v7e-m/fpv4-sp/hard/libc_nano.a(lib_a-mlock.o)
 .debug_frame   0x0000000000002984       0x38 /home/yogi/st/stm32cubeide_1.5.1/plugins/com.st.stm32cube.ide.mcu.externaltools.gnu-tools-for-stm32.7-2018-q2-update.linux64_1.5.0.202011040924/tools/bin/../lib/gcc/arm-none-eabi/7.3.1/../../../../arm-none-eabi/lib/thumb/v7e-m/fpv4-sp/hard/libc_nano.a(lib_a-nano-freer.o)
 .debug_frame   0x00000000000029bc       0x20 /home/yogi/st/stm32cubeide_1.5.1/plugins/com.st.stm32cube.ide.mcu.externaltools.gnu-tools-for-stm32.7-2018-q2-update.linux64_1.5.0.202011040924/tools/bin/../lib/gcc/arm-none-eabi/7.3.1/../../../../arm-none-eabi/lib/thumb/v7e-m/fpv4-sp/hard/libc_nano.a(lib_a-nano-msizer.o)
 .debug_frame   0x00000000000029dc       0x2c /home/yogi/st/stm32cubeide_1.5.1/plugins/com.st.stm32cube.ide.mcu.externaltools.gnu-tools-for-stm32.7-2018-q2-update.linux64_1.5.0.202011040924/tools/bin/../lib/gcc/arm-none-eabi/7.3.1/thumb/v7e-m/fpv4-sp/hard/libgcc.a(_aeabi_uldivmod.o)
 .debug_frame   0x0000000000002a08       0x34 /home/yogi/st/stm32cubeide_1.5.1/plugins/com.st.stm32cube.ide.mcu.externaltools.gnu-tools-for-stm32.7-2018-q2-update.linux64_1.5.0.202011040924/tools/bin/../lib/gcc/arm-none-eabi/7.3.1/thumb/v7e-m/fpv4-sp/hard/libgcc.a(_udivmoddi4.o)
